Component: ARM Compiler 5.06 update 6 (build 750) Tool: armlink [4d35ed]

==============================================================================

Section Cross References

    startup_stm32f103xe.o(RESET) refers to startup_stm32f103xe.o(STACK) for __initial_sp
    startup_stm32f103xe.o(RESET) refers to startup_stm32f103xe.o(.text) for Reset_Handler
    startup_stm32f103xe.o(RESET) refers to stm32f1xx_it.o(i.NMI_Handler) for NMI_Handler
    startup_stm32f103xe.o(RESET) refers to stm32f1xx_it.o(i.HardFault_Handler) for HardFault_Handler
    startup_stm32f103xe.o(RESET) refers to stm32f1xx_it.o(i.MemManage_Handler) for MemManage_Handler
    startup_stm32f103xe.o(RESET) refers to stm32f1xx_it.o(i.BusFault_Handler) for BusFault_Handler
    startup_stm32f103xe.o(RESET) refers to stm32f1xx_it.o(i.UsageFault_Handler) for UsageFault_Handler
    startup_stm32f103xe.o(RESET) refers to stm32f1xx_it.o(i.SVC_Handler) for SVC_Handler
    startup_stm32f103xe.o(RESET) refers to stm32f1xx_it.o(i.DebugMon_Handler) for DebugMon_Handler
    startup_stm32f103xe.o(RESET) refers to stm32f1xx_it.o(i.PendSV_Handler) for PendSV_Handler
    startup_stm32f103xe.o(RESET) refers to stm32f1xx_it.o(i.SysTick_Handler) for SysTick_Handler
    startup_stm32f103xe.o(RESET) refers to stm32f1xx_it.o(i.DMA1_Channel2_IRQHandler) for DMA1_Channel2_IRQHandler
    startup_stm32f103xe.o(RESET) refers to stm32f1xx_it.o(i.DMA1_Channel4_IRQHandler) for DMA1_Channel4_IRQHandler
    startup_stm32f103xe.o(RESET) refers to stm32f1xx_it.o(i.DMA1_Channel5_IRQHandler) for DMA1_Channel5_IRQHandler
    startup_stm32f103xe.o(RESET) refers to stm32f1xx_it.o(i.TIM4_IRQHandler) for TIM4_IRQHandler
    startup_stm32f103xe.o(RESET) refers to stm32f1xx_it.o(i.USART1_IRQHandler) for USART1_IRQHandler
    startup_stm32f103xe.o(RESET) refers to stm32f1xx_it.o(i.USART3_IRQHandler) for USART3_IRQHandler
    startup_stm32f103xe.o(RESET) refers to stm32f1xx_it.o(i.TIM8_UP_IRQHandler) for TIM8_UP_IRQHandler
    startup_stm32f103xe.o(RESET) refers to stm32f1xx_it.o(i.TIM6_IRQHandler) for TIM6_IRQHandler
    startup_stm32f103xe.o(RESET) refers to stm32f1xx_it.o(i.TIM7_IRQHandler) for TIM7_IRQHandler
    startup_stm32f103xe.o(.text) refers to system_stm32f1xx.o(i.SystemInit) for SystemInit
    startup_stm32f103xe.o(.text) refers to entry.o(.ARM.Collect$$$$00000000) for __main
    main.o(i.CalcTIMED) refers to main.o(i.cont_str) for cont_str
    main.o(i.CalcTIMED) refers to main.o(.data) for .data
    main.o(i.DATEUI_Init) refers to main.o(i.CalcTIMED) for CalcTIMED
    main.o(i.DATEUI_Init) refers to oled.o(i.OLED_Clear) for OLED_Clear
    main.o(i.DATEUI_Init) refers to oled.o(i.OLED_AllMotion) for OLED_AllMotion
    main.o(i.DATEUI_Init) refers to oled.o(i.Flow_BTV) for Flow_BTV
    main.o(i.DATEUI_Init) refers to oled.o(i.OLED_SF22x40) for OLED_SF22x40
    main.o(i.DATEUI_Init) refers to oled.o(i.OLED_SF12x24) for OLED_SF12x24
    main.o(i.DATEUI_Init) refers to oled.o(i.OLED_SF10x16) for OLED_SF10x16
    main.o(i.DATEUI_Init) refers to fflti.o(.text) for __aeabi_i2f
    main.o(i.DATEUI_Init) refers to ffltui.o(.text) for __aeabi_ui2f
    main.o(i.DATEUI_Init) refers to fdiv.o(.text) for __aeabi_fdiv
    main.o(i.DATEUI_Init) refers to fadd.o(.text) for __aeabi_fadd
    main.o(i.DATEUI_Init) refers to ffixui.o(.text) for __aeabi_f2uiz
    main.o(i.DATEUI_Init) refers to lcmdrv.o(i.GUI_HLine) for GUI_HLine
    main.o(i.DATEUI_Init) refers to oled.o(i.OLED_Refresh_Gram) for OLED_Refresh_Gram
    main.o(i.DATEUI_Init) refers to oled.o(.data) for SHOW_CORN
    main.o(i.DATEUI_Init) refers to ds3231.o(.bss) for ds3231
    main.o(i.DATEUI_Init) refers to usart.o(.bss) for Device_Cmd
    main.o(i.DATEUI_Init) refers to main.o(.data) for .data
    main.o(i.DATEUI_Out) refers to oled.o(i.Motion_MovmeteorInit) for Motion_MovmeteorInit
    main.o(i.DATEUI_Out) refers to main.o(i.CalcTIMED) for CalcTIMED
    main.o(i.DATEUI_Out) refers to ffltui.o(.text) for __aeabi_ui2f
    main.o(i.DATEUI_Out) refers to oled.o(i.OLED_Clear) for OLED_Clear
    main.o(i.DATEUI_Out) refers to oled.o(i.OLED_AllMotion) for OLED_AllMotion
    main.o(i.DATEUI_Out) refers to oled.o(i.Flow_BTV) for Flow_BTV
    main.o(i.DATEUI_Out) refers to oled.o(i.OLED_SF22x40) for OLED_SF22x40
    main.o(i.DATEUI_Out) refers to oled.o(i.OLED_SF12x24) for OLED_SF12x24
    main.o(i.DATEUI_Out) refers to oled.o(i.OLED_SF10x16) for OLED_SF10x16
    main.o(i.DATEUI_Out) refers to fflti.o(.text) for __aeabi_i2f
    main.o(i.DATEUI_Out) refers to fdiv.o(.text) for __aeabi_fdiv
    main.o(i.DATEUI_Out) refers to fadd.o(.text) for __aeabi_fadd
    main.o(i.DATEUI_Out) refers to ffixui.o(.text) for __aeabi_f2uiz
    main.o(i.DATEUI_Out) refers to lcmdrv.o(i.GUI_HLine) for GUI_HLine
    main.o(i.DATEUI_Out) refers to oled.o(i.OLED_Refresh_Gram) for OLED_Refresh_Gram
    main.o(i.DATEUI_Out) refers to oled.o(.data) for SHOW_CORN
    main.o(i.DATEUI_Out) refers to ds3231.o(.bss) for ds3231
[...]
    i.HAL_TIM_TriggerCallback                0x08002a28   Section        0  stm32f1xx_hal_tim.o(i.HAL_TIM_TriggerCallback)
    i.HAL_UART_DMAStop                       0x08002a2a   Section        0  stm32f1xx_hal_uart.o(i.HAL_UART_DMAStop)
    i.HAL_UART_ErrorCallback                 0x08002a84   Section        0  usart.o(i.HAL_UART_ErrorCallback)
    i.HAL_UART_IRQHandler                    0x08002abc   Section        0  stm32f1xx_hal_uart.o(i.HAL_UART_IRQHandler)
    i.HAL_UART_Init                          0x08002bcc   Section        0  stm32f1xx_hal_uart.o(i.HAL_UART_Init)
    i.HAL_UART_MspInit                       0x08002c30   Section        0  usart.o(i.HAL_UART_MspInit)
    i.HAL_UART_Receive_DMA                   0x08002d68   Section        0  stm32f1xx_hal_uart.o(i.HAL_UART_Receive_DMA)
    i.HAL_UART_Receive_IT                    0x08002e00   Section        0  stm32f1xx_hal_uart.o(i.HAL_UART_Receive_IT)
    i.HAL_UART_RxCpltCallback                0x08002e54   Section        0  usart.o(i.HAL_UART_RxCpltCallback)
    i.HAL_UART_RxHalfCpltCallback            0x08002f30   Section        0  stm32f1xx_hal_uart.o(i.HAL_UART_RxHalfCpltCallback)
    i.HAL_UART_Transmit                      0x08002f32   Section        0  stm32f1xx_hal_uart.o(i.HAL_UART_Transmit)
    i.HAL_UART_Transmit_IT                   0x08002fec   Section        0  stm32f1xx_hal_uart.o(i.HAL_UART_Transmit_IT)
    i.HAL_UART_TxCpltCallback                0x0800302a   Section        0  stm32f1xx_hal_uart.o(i.HAL_UART_TxCpltCallback)
    i.HEX2BCD                                0x0800302c   Section        0  ds3231.o(i.HEX2BCD)
    i.HardFault_Handler                      0x0800304e   Section        0  stm32f1xx_it.o(i.HardFault_Handler)
    i.InitData                               0x08003050   Section        0  usart.o(i.InitData)
    i.Judge_Mode                             0x0800314c   Section        0  usart.o(i.Judge_Mode)
    i.MX_DMA_Init                            0x0800319c   Section        0  dma.o(i.MX_DMA_Init)
    i.MX_GPIO_Init                           0x080031e8   Section        0  gpio.o(i.MX_GPIO_Init)
    i.MX_SPI1_Init                           0x080032fc   Section        0  spi.o(i.MX_SPI1_Init)
    i.MX_TIM4_Init                           0x08003344   Section        0  tim.o(i.MX_TIM4_Init)
    i.MX_TIM6_Init                           0x080033ac   Section        0  tim.o(i.MX_TIM6_Init)
    i.MX_TIM7_Init                           0x080033f4   Section        0  tim.o(i.MX_TIM7_Init)
    i.MX_TIM8_Init                           0x0800343c   Section        0  tim.o(i.MX_TIM8_Init)
    i.MX_USART1_UART_Init                    0x080034a8   Section        0  usart.o(i.MX_USART1_UART_Init)
    i.MX_USART3_UART_Init                    0x080034e0   Section        0  usart.o(i.MX_USART3_UART_Init)
    i.MemManage_Handler                      0x08003518   Section        0  stm32f1xx_it.o(i.MemManage_Handler)
    i.Motion_CircleInit                      0x0800351c   Section        0  oled.o(i.Motion_CircleInit)
    i.Motion_MindInit                        0x08003580   Section        0  oled.o(i.Motion_MindInit)
    i.Motion_MovmeteorInit                   0x080036f4   Section        0  oled.o(i.Motion_MovmeteorInit)
    i.Motion_SnowflakeInit                   0x0800378c   Section        0  oled.o(i.Motion_SnowflakeInit)
    i.NMI_Handler                            0x080037fc   Section        0  stm32f1xx_it.o(i.NMI_Handler)
    i.NVIC_SetPriority                       0x080037fe   Section        0  stm32f1xx_hal_cortex.o(i.NVIC_SetPriority)
    NVIC_SetPriority                         0x080037ff   Thumb Code    32  stm32f1xx_hal_cortex.o(i.NVIC_SetPriority)
    i.Nix2Num                                0x0800381e   Section        0  usart.o(i.Nix2Num)
    i.OLED_AllMotion_Init                    0x08003876   Section        0  oled.o(i.OLED_AllMotion_Init)
    i.OLED_Boot                              0x0800388c   Section        0  main.o(i.OLED_Boot)
    i.OLED_Clear                             0x080038cc   Section        0  oled.o(i.OLED_Clear)
    i.OLED_Full                              0x080038f8   Section        0  oled.o(i.OLED_Full)
    i.OLED_Init                              0x08003928   Section        0  oled.o(i.OLED_Init)
    i.OLED_Refresh_Gram                      0x08003a30   Section        0  oled.o(i.OLED_Refresh_Gram)
    i.OLED_WR_CMD                            0x08003a88   Section        0  oled.o(i.OLED_WR_CMD)
    i.OLED_WR_DATA                           0x08003aac   Section        0  oled.o(i.OLED_WR_DATA)
    i.PendSV_Handler                         0x08003ac8   Section        0  stm32f1xx_it.o(i.PendSV_Handler)
    i.SPI1_ReadWriteByte                     0x08003acc   Section        0  flash.o(i.SPI1_ReadWriteByte)
    i.SPI_CheckFlag_BSY                      0x08003aec   Section        0  stm32f1xx_hal_spi.o(i.SPI_CheckFlag_BSY)
    SPI_CheckFlag_BSY                        0x08003aed   Thumb Code    32  stm32f1xx_hal_spi.o(i.SPI_CheckFlag_BSY)
    i.SPI_FLASH_Write_Enable                 0x08003b0c   Section        0  flash.o(i.SPI_FLASH_Write_Enable)
    i.SPI_Flash_Erase_Sector                 0x08003b34   Section        0  flash.o(i.SPI_Flash_Erase_Sector)
    i.SPI_Flash_Init                         0x08003b80   Section        0  flash.o(i.SPI_Flash_Init)
    i.SPI_Flash_Read                         0x08003b90   Section        0  flash.o(i.SPI_Flash_Read)
    i.SPI_Flash_ReadID                       0x08003be4   Section        0  flash.o(i.SPI_Flash_ReadID)
    i.SPI_Flash_ReadSR                       0x08003c30   Section        0  flash.o(i.SPI_Flash_ReadSR)
    i.SPI_Flash_Wait_Busy                    0x08003c60   Section        0  flash.o(i.SPI_Flash_Wait_Busy)
    i.SPI_Flash_Write                        0x08003c6e   Section        0  flash.o(i.SPI_Flash_Write)
    i.SPI_Flash_Write_NoCheck                0x08003c8a   Section        0  flash.o(i.SPI_Flash_Write_NoCheck)
    i.SPI_Flash_Write_Page                   0x08003cc8   Section        0  flash.o(i.SPI_Flash_Write_Page)
    i.SPI_WaitFlagStateUntilTimeout          0x08003d28   Section        0  stm32f1xx_hal_spi.o(i.SPI_WaitFlagStateUntilTimeout)
    SPI_WaitFlagStateUntilTimeout            0x08003d29   Thumb Code   150  stm32f1xx_hal_spi.o(i.SPI_WaitFlagStateUntilTimeout)
    i.SVC_Handler                            0x08003dbe   Section        0  stm32f1xx_it.o(i.SVC_Handler)
    i.SysTick_Handler                        0x08003dc0   Section        0  stm32f1xx_it.o(i.SysTick_Handler)
    i.SystemClock_Config                     0x08003dc4   Section        0  main.o(i.SystemClock_Config)
    i.SystemInit                             0x08003e14   Section        0  system_stm32f1xx.o(i.SystemInit)
    i.TIM4_IRQHandler                        0x08003e5c   Section        0  stm32f1xx_it.o(i.TIM4_IRQHandler)
    i.TIM6_IRQHandler                        0x08003e68   Section        0  stm32f1xx_it.o(i.TIM6_IRQHandler)
    i.TIM7_IRQHandler                        0x08003e74   Section        0  stm32f1xx_it.o(i.TIM7_IRQHandler)
    i.TIM8_UP_IRQHandler                     0x08003e80   Section        0  stm32f1xx_it.o(i.TIM8_UP_IRQHandler)
    i.TIM_Base_SetConfig                     0x08003e8c   Section        0  stm32f1xx_hal_tim.o(i.TIM_Base_SetConfig)
    i.TIM_ETR_SetConfig                      0x08003f18   Section        0  stm32f1xx_hal_tim.o(i.TIM_ETR_SetConfig)
    TIM_ETR_SetConfig                        0x08003f19   Thumb Code    20  stm32f1xx_hal_tim.o(i.TIM_ETR_SetConfig)
    i.TIM_ITRx_SetConfig                     0x08003f2c   Section        0  stm32f1xx_hal_tim.o(i.TIM_ITRx_SetConfig)
    TIM_ITRx_SetConfig                       0x08003f2d   Thumb Code    16  stm32f1xx_hal_tim.o(i.TIM_ITRx_SetConfig)
    i.TIM_TI1_ConfigInputStage               0x08003f3c   Section        0  stm32f1xx_hal_tim.o(i.TIM_TI1_ConfigInputStage)
    TIM_TI1_ConfigInputStage                 0x08003f3d   Thumb Code    34  stm32f1xx_hal_tim.o(i.TIM_TI1_ConfigInputStage)
    i.TIM_TI2_ConfigInputStage               0x08003f5e   Section        0  stm32f1xx_hal_tim.o(i.TIM_TI2_ConfigInputStage)
    TIM_TI2_ConfigInputStage                 0x08003f5f   Thumb Code    36  stm32f1xx_hal_tim.o(i.TIM_TI2_ConfigInputStage)
    i.Time_Handle                            0x08003f84   Section        0  ds3231.o(i.Time_Handle)
    i.Tranfcmd                               0x08004228   Section        0  usart.o(i.Tranfcmd)
    i.UART_DMAAbortOnError                   0x08004284   Section        0  stm32f1xx_hal_uart.o(i.UART_DMAAbortOnError)
    UART_DMAAbortOnError                     0x08004285   Thumb Code    16  stm32f1xx_hal_uart.o(i.UART_DMAAbortOnError)
    i.UART_DMAError                          0x08004294   Section        0  stm32f1xx_hal_uart.o(i.UART_DMAError)
    UART_DMAError                            0x08004295   Thumb Code    74  stm32f1xx_hal_uart.o(i.UART_DMAError)
    i.UART_DMAReceiveCplt                    0x080042de   Section        0  stm32f1xx_hal_uart.o(i.UART_DMAReceiveCplt)
    UART_DMAReceiveCplt                      0x080042df   Thumb Code    60  stm32f1xx_hal_uart.o(i.UART_DMAReceiveCplt)
    i.UART_DMARxHalfCplt                     0x0800431a   Section        0  stm32f1xx_hal_uart.o(i.UART_DMARxHalfCplt)
    UART_DMARxHalfCplt                       0x0800431b   Thumb Code    10  stm32f1xx_hal_uart.o(i.UART_DMARxHalfCplt)
    i.UART_EndRxTransfer                     0x08004324   Section        0  stm32f1xx_hal_uart.o(i.UART_EndRxTransfer)
    UART_EndRxTransfer                       0x08004325   Thumb Code    28  stm32f1xx_hal_uart.o(i.UART_EndRxTransfer)
    i.UART_EndTxTransfer                     0x08004340   Section        0  stm32f1xx_hal_uart.o(i.UART_EndTxTransfer)
    UART_EndTxTransfer                       0x08004341   Thumb Code    18  stm32f1xx_hal_uart.o(i.UART_EndTxTransfer)
    i.UART_Receive_IT                        0x08004352   Section        0  stm32f1xx_hal_uart.o(i.UART_Receive_IT)
    UART_Receive_IT                          0x08004353   Thumb Code   150  stm32f1xx_hal_uart.o(i.UART_Receive_IT)
    i.UART_SetConfig                         0x080043e8   Section        0  stm32f1xx_hal_uart.o(i.UART_SetConfig)
    UART_SetConfig                           0x080043e9   Thumb Code   364  stm32f1xx_hal_uart.o(i.UART_SetConfig)
    i.UART_Transmit_IT                       0x08004558   Section        0  stm32f1xx_hal_uart.o(i.UART_Transmit_IT)
    UART_Transmit_IT                         0x08004559   Thumb Code    98  stm32f1xx_hal_uart.o(i.UART_Transmit_IT)
    i.UART_WaitOnFlagUntilTimeout            0x080045ba   Section        0  stm32f1xx_hal_uart.o(i.UART_WaitOnFlagUntilTimeout)
    UART_WaitOnFlagUntilTimeout              0x080045bb   Thumb Code   100  stm32f1xx_hal_uart.o(i.UART_WaitOnFlagUntilTimeout)
    i.USART1_IRQHandler                      0x08004620   Section        0  stm32f1xx_it.o(i.USART1_IRQHandler)
    i.USART3_IRQHandler                      0x08004694   Section        0  stm32f1xx_it.o(i.USART3_IRQHandler)
    i.Update_Pos                             0x080046a0   Section        0  main.o(i.Update_Pos)
    i.UsageFault_Handler                     0x08004710   Section        0  stm32f1xx_it.o(i.UsageFault_Handler)
    i.__0printf                              0x08004714   Section        0  printfa.o(i.__0printf)
    i.__0sprintf                             0x08004734   Section        0  printfa.o(i.__0sprintf)
    i.__kernel_poly                          0x0800475c   Section        0  poly.o(i.__kernel_poly)
    i.__mathlib_dbl_divzero                  0x08004808   Section        0  dunder.o(i.__mathlib_dbl_divzero)
    i.__mathlib_dbl_infnan                   0x08004818   Section        0  dunder.o(i.__mathlib_dbl_infnan)
    i.__mathlib_dbl_invalid                  0x0800481e   Section        0  dunder.o(i.__mathlib_dbl_invalid)
    i.__scatterload_copy                     0x0800482a   Section       14  handlers.o(i.__scatterload_copy)
    i.__scatterload_null                     0x08004838   Section        2  handlers.o(i.__scatterload_null)
    i.__scatterload_zeroinit                 0x0800483a   Section       14  handlers.o(i.__scatterload_zeroinit)
    i.__set_errno                            0x08004848   Section        0  errno.o(i.__set_errno)
    i._fp_digits                             0x08004854   Section        0  printfa.o(i._fp_digits)
    _fp_digits                               0x08004855   Thumb Code   366  printfa.o(i._fp_digits)
    i._printf_core                           0x080049d8   Section        0  printfa.o(i._printf_core)
    _printf_core                             0x080049d9   Thumb Code  1744  printfa.o(i._printf_core)
    i._printf_post_padding                   0x080050b4   Section        0  printfa.o(i._printf_post_padding)
    _printf_post_padding                     0x080050b5   Thumb Code    36  printfa.o(i._printf_post_padding)
    i._printf_pre_padding                    0x080050d8   Section        0  printfa.o(i._printf_pre_padding)
    _printf_pre_padding                      0x080050d9   Thumb Code    46  printfa.o(i._printf_pre_padding)
    i._sputc                                 0x08005106   Section        0  printfa.o(i._sputc)
    _sputc                                   0x08005107   Thumb Code    10  printfa.o(i._sputc)
    i.fputc                                  0x08005110   Section        0  usart.o(i.fputc)
    i.log                                    0x08005128   Section        0  log.o(i.log)
    i.main                                   0x08005484   Section        0  main.o(i.main)
    i.temp_data                              0x08005588   Section        0  main.o(i.temp_data)
    .constdata                               0x08005608   Section       16  system_stm32f1xx.o(.constdata)
    .constdata                               0x08005618   Section        8  system_stm32f1xx.o(.constdata)
    .constdata                               0x08005620   Section       56  log.o(.constdata)
    Lg2                                      0x08005620   Data          24  log.o(.constdata)
    Lg                                       0x08005638   Data          32  log.o(.constdata)
    .constdata                               0x08005658   Section        8  qnan.o(.constdata)
    .data                                    0x20000000   Section       48  main.o(.data)
    FlashFlag                                0x2000000c   Data           1  main.o(.data)
    U3WatchDogCount                          0x2000000d   Data           1  main.o(.data)
    SleepTypo                                0x20000010   Data           2  main.o(.data)
    SleepTypo                                0x20000012   Data           2  main.o(.data)
    SleepCount                               0x20000014   Data           2  main.o(.data)
    ContinueCount                            0x20000016   Data           2  main.o(.data)
    .data                                    0x20000030   Section        2  usart.o(.data)
    .data                                    0x20000032   Section       27  usart.o(.data)
    normalcount                              0x20000035   Data           1  usart.o(.data)
    gamecount                                0x20000036   Data           1  usart.o(.data)
    Command                                  0x20000037   Data           1  usart.o(.data)
    Data                                     0x20000038   Data           1  usart.o(.data)
    Uart3_Busy                               0x20000039   Data           1  usart.o(.data)
    .data                                    0x20000050   Section        4  system_stm32f1xx.o(.data)
    .data                                    0x20000054   Section       87  oled.o(.data)
    Notbarshowflag                           0x2000005b   Data           1  oled.o(.data)
    Notbarpossflag                           0x2000005c   Data           1  oled.o(.data)
    RunCount                                 0x2000005d   Data           1  oled.o(.data)
    Flag_Busy                                0x2000005e   Data           1  oled.o(.data)
    Flag_Busy                                0x2000005f   Data           1  oled.o(.data)
    Flag_Busy                                0x20000060   Data           1  oled.o(.data)
    MotionStep                               0x20000061   Data           1  oled.o(.data)
    Flag_Busy                                0x20000062   Data           1  oled.o(.data)
    MotionStep                               0x20000063   Data           1  oled.o(.data)
    Flag_Busy                                0x20000064   Data           1  oled.o(.data)
    MotionStep                               0x20000065   Data           1  oled.o(.data)
    Flag_Busy                                0x20000066   Data           1  oled.o(.data)
    Flag_Busy                                0x20000067   Data           1  oled.o(.data)
    NowMotion                                0x20000068   Data           1  oled.o(.data)
    Flag_Busy                                0x20000069   Data           1  oled.o(.data)
    MotionStep                               0x2000006a   Data           1  oled.o(.data)
    delays                                   0x2000006b   Data           1  oled.o(.data)
    SpeedSave                                0x2000006c   Data           2  oled.o(.data)
    Step                                     0x2000006e   Data           2  oled.o(.data)
    Step                                     0x20000070   Data           2  oled.o(.data)
    VoiceIndex                               0x20000072   Data           2  oled.o(.data)
    Step                                     0x20000074   Data           2  oled.o(.data)
    YStep                                    0x2000007c   Data           4  oled.o(.data)
    MotionStep                               0x20000080   Data           4  oled.o(.data)
    DistanceX                                0x20000084   Data           4  oled.o(.data)
    DistanceY                                0x20000088   Data           4  oled.o(.data)
    DistanceX                                0x2000008c   Data           4  oled.o(.data)
    DistanceY                                0x20000090   Data           4  oled.o(.data)
    Count                                    0x20000094   Data           4  oled.o(.data)
    FRAM_Data                                0x200000a0   Data           5  oled.o(.data)
    .data                                    0x200000ac   Section       18  ds3231.o(.data)
    .data                                    0x200000be   Section        2  flash.o(.data)
    .data                                    0x200000c0   Section       12  stm32f1xx_hal.o(.data)
    .data                                    0x200000cc   Section        4  rand.o(.data)
    _rand_state                              0x200000cc   Data           4  rand.o(.data)
    .data                                    0x200000d0   Section        4  stdout.o(.data)
    .data                                    0x200000d4   Section        4  errno.o(.data)
    _errno                                   0x200000d4   Data           4  errno.o(.data)
    .bss                                     0x200000d8   Section    18624  main.o(.bss)
    BackFlag                                 0x200002cc   Data         400  main.o(.bss)
    str                                      0x2000045c   Data          20  main.o(.bss)
    str                                      0x20000470   Data          20  main.o(.bss)
    str                                      0x20000484   Data          20  main.o(.bss)
    .bss                                     0x20004998   Section      156  spi.o(.bss)
    .bss                                     0x20004a34   Section      256  tim.o(.bss)
    .bss                                     0x20004b34   Section      250  usart.o(.bss)
    .bss                                     0x20004c30   Section      920  usart.o(.bss)
    CMD                                      0x20004c30   Data          32  usart.o(.bss)
    CMD                                      0x20004c50   Data          32  usart.o(.bss)
    CMD                                      0x20004c70   Data          32  usart.o(.bss)
    .bss                                     0x20004fc8   Section    22364  oled.o(.bss)
    Motion                                   0x20004fc8   Data          32  oled.o(.bss)
    di                                       0x20004fe8   Data         120  oled.o(.bss)
    .bss                                     0x2000a724   Section      110  ds3231.o(.bss)
    STACK                                    0x2000a798   Section     1024  startup_stm32f103xe.o(STACK)

    Global Symbols

    Symbol Name                              Value     Ov Type        Size  Object(Section)

    BuildAttributes$$THM_ISAv4$P$D$K$B$S$PE$A:L22UL41UL21$X:L11$S22US41US21$IEEE1$IW$USESV6$~STKCKD$USESV7$~SHL$OTIME$ROPI$IEEEX$EBA8$MICROLIB$REQ8$PRES8$EABIv2 0x00000000   Number         0  anon$$obj.o ABSOLUTE
    __ARM_use_no_argv                        0x00000000   Number         0  main.o ABSOLUTE
    _printf_a                                0x00000000   Number         0  stubs.o ABSOLUTE
    _printf_c                                0x00000000   Number         0  stubs.o ABSOLUTE
    _printf_charcount                        0x00000000   Number         0  stubs.o ABSOLUTE
    _printf_d                                0x00000000   Number         0  stubs.o ABSOLUTE
    _printf_e                                0x00000000   Number         0  stubs.o ABSOLUTE
    _printf_f                                0x00000000   Number         0  stubs.o ABSOLUTE
    _printf_flags                            0x00000000   Number         0  stubs.o ABSOLUTE
    _printf_fp_dec                           0x00000000   Number         0  stubs.o ABSOLUTE
    _printf_fp_hex                           0x00000000   Number         0  stubs.o ABSOLUTE
    _printf_g                                0x00000000   Number         0  stubs.o ABSOLUTE
    _printf_i                                0x00000000   Number         0  stubs.o ABSOLUTE
    _printf_int_dec                          0x00000000   Number         0  stubs.o ABSOLUTE
    _printf_l                                0x00000000   Number         0  stubs.o ABSOLUTE
    _printf_lc                               0x00000000   Number         0  stubs.o ABSOLUTE
    _printf_ll                               0x00000000   Number         0  stubs.o ABSOLUTE
    _printf_lld                              0x00000000   Number         0  stubs.o ABSOLUTE
    _printf_lli                              0x00000000   Number         0  stubs.o ABSOLUTE
    _printf_llo                              0x00000000   Number         0  stubs.o ABSOLUTE
    _printf_llu                              0x00000000   Number         0  stubs.o ABSOLUTE
    _printf_llx                              0x00000000   Number         0  stubs.o ABSOLUTE
    _printf_longlong_dec                     0x00000000   Number         0  stubs.o ABSOLUTE
    _printf_longlong_hex                     0x00000000   Number         0  stubs.o ABSOLUTE
    _printf_longlong_oct                     0x00000000   Number         0  stubs.o ABSOLUTE
    _printf_ls                               0x00000000   Number         0  stubs.o ABSOLUTE
    _printf_mbtowc                           0x00000000   Number         0  stubs.o ABSOLUTE
    _printf_n                                0x00000000   Number         0  stubs.o ABSOLUTE
    _printf_o                                0x00000000   Number         0  stubs.o ABSOLUTE
    _printf_p                                0x00000000   Number         0  stubs.o ABSOLUTE
    _printf_percent                          0x00000000   Number         0  stubs.o ABSOLUTE
    _printf_pre_padding                      0x00000000   Number         0  stubs.o ABSOLUTE
    _printf_return_value                     0x00000000   Number         0  stubs.o ABSOLUTE
    _printf_s                                0x00000000   Number         0  stubs.o ABSOLUTE
    _printf_sizespec                         0x00000000   Number         0  stubs.o ABSOLUTE
    _printf_str                              0x00000000   Number         0  stubs.o ABSOLUTE
    _printf_truncate_signed                  0x00000000   Number         0  stubs.o ABSOLUTE
    _printf_truncate_unsigned                0x00000000   Number         0  stubs.o ABSOLUTE
    _printf_u                                0x00000000   Number         0  stubs.o ABSOLUTE
    _printf_wc                               0x00000000   Number         0  stubs.o ABSOLUTE
    _printf_wctomb                           0x00000000   Number         0  stubs.o ABSOLUTE
    _printf_widthprec                        0x00000000   Number         0  stubs.o ABSOLUTE
    _printf_x                                0x00000000   Number         0  stubs.o ABSOLUTE
    __cpp_initialize__aeabi_                  - Undefined Weak Reference
    __cxa_finalize                            - Undefined Weak Reference
    __decompress                              - Undefined Weak Reference
    _clock_init                               - Undefined Weak Reference
    _microlib_exit                            - Undefined Weak Reference
    __Vectors_Size                           0x00000130   Number         0  startup_stm32f103xe.o ABSOLUTE
    __Vectors                                0x08000000   Data           4  startup_stm32f103xe.o(RESET)
    __Vectors_End                            0x08000130   Data           0  startup_stm32f103xe.o(RESET)
    __main                                   0x08000131   Thumb Code     0  entry.o(.ARM.Collect$$$$00000000)
    _main_stk                                0x08000131   Thumb Code     0  entry2.o(.ARM.Collect$$$$00000001)
    _main_scatterload                        0x08000135   Thumb Code     0  entry5.o(.ARM.Collect$$$$00000004)
    __main_after_scatterload                 0x08000139   Thumb Code     0  entry5.o(.ARM.Collect$$$$00000004)
    _main_clock                              0x08000139   Thumb Code     0  entry7b.o(.ARM.Collect$$$$00000008)
    _main_cpp_init                           0x08000139   Thumb Code     0  entry8b.o(.ARM.Collect$$$$0000000A)
    _main_init                               0x08000139   Thumb Code     0  entry9a.o(.ARM.Collect$$$$0000000B)
    __rt_final_cpp                           0x08000141   Thumb Code     0  entry10a.o(.ARM.Collect$$$$0000000D)
    __rt_final_exit                          0x08000141   Thumb Code     0  entry11a.o(.ARM.Collect$$$$0000000F)
    Reset_Handler                            0x08000145   Thumb Code     8  startup_stm32f103xe.o(.text)
    ADC1_2_IRQHandler                        0x0800015f   Thumb Code     0  startup_stm32f103xe.o(.text)
    ADC3_IRQHandler                          0x0800015f   Thumb Code     0  startup_stm32f103xe.o(.text)
    CAN1_RX1_IRQHandler                      0x0800015f   Thumb Code     0  startup_stm32f103xe.o(.text)
    CAN1_SCE_IRQHandler                      0x0800015f   Thumb Code     0  startup_stm32f103xe.o(.text)
    DMA1_Channel1_IRQHandler                 0x0800015f   Thumb Code     0  startup_stm32f103xe.o(.text)
    DMA1_Channel3_IRQHandler                 0x0800015f   Thumb Code     0  startup_stm32f103xe.o(.text)
    DMA1_Channel6_IRQHandler                 0x0800015f   Thumb Code     0  startup_stm32f103xe.o(.text)
    DMA1_Channel7_IRQHandler                 0x0800015f   Thumb Code     0  startup_stm32f103xe.o(.text)
    DMA2_Channel1_IRQHandler                 0x0800015f   Thumb Code     0  startup_stm32f103xe.o(.text)
    DMA2_Channel2_IRQHandler                 0x0800015f   Thumb Code     0  startup_stm32f103xe.o(.text)
    DMA2_Channel3_IRQHandler                 0x0800015f   Thumb Code     0  startup_stm32f103xe.o(.text)
    DMA2_Channel4_5_IRQHandler               0x0800015f   Thumb Code     0  startup_stm32f103xe.o(.text)
    EXTI0_IRQHandler                         0x0800015f   Thumb Code     0  startup_stm32f103xe.o(.text)
    EXTI15_10_IRQHandler                     0x0800015f   Thumb Code     0  startup_stm32f103xe.o(.text)
    EXTI1_IRQHandler                         0x0800015f   Thumb Code     0  startup_stm32f103xe.o(.text)
    EXTI2_IRQHandler                         0x0800015f   Thumb Code     0  startup_stm32f103xe.o(.text)
    EXTI3_IRQHandler                         0x0800015f   Thumb Code     0  startup_stm32f103xe.o(.text)
    EXTI4_IRQHandler                         0x0800015f   Thumb Code     0  startup_stm32f103xe.o(.text)
    EXTI9_5_IRQHandler                       0x0800015f   Thumb Code     0  startup_stm32f103xe.o(.text)
    FLASH_IRQHandler                         0x0800015f   Thumb Code     0  startup_stm32f103xe.o(.text)
    FSMC_IRQHandler                          0x0800015f   Thumb Code     0  startup_stm32f103xe.o(.text)
    I2C1_ER_IRQHandler                       0x0800015f   Thumb Code     0  startup_stm32f103xe.o(.text)
    I2C1_EV_IRQHandler                       0x0800015f   Thumb Code     0  startup_stm32f103xe.o(.text)
    I2C2_ER_IRQHandler                       0x0800015f   Thumb Code     0  startup_stm32f103xe.o(.text)
    I2C2_EV_IRQHandler                       0x0800015f   Thumb Code     0  startup_stm32f103xe.o(.text)
    PVD_IRQHandler                           0x0800015f   Thumb Code     0  startup_stm32f103xe.o(.text)
    RCC_IRQHandler                           0x0800015f   Thumb Code     0  startup_stm32f103xe.o(.text)
    RTC_Alarm_IRQHandler                     0x0800015f   Thumb Code     0  startup_stm32f103xe.o(.text)
    RTC_IRQHandler                           0x0800015f   Thumb Code     0  startup_stm32f103xe.o(.text)
    SDIO_IRQHandler                          0x0800015f   Thumb Code     0  startup_stm32f103xe.o(.text)
    SPI1_IRQHandler                          0x0800015f   Thumb Code     0  startup_stm32f103xe.o(.text)
    SPI2_IRQHandler                          0x0800015f   Thumb Code     0  startup_stm32f103xe.o(.text)
    SPI3_IRQHandler                          0x0800015f   Thumb Code     0  startup_stm32f103xe.o(.text)
    TAMPER_IRQHandler                        0x0800015f   Thumb Code     0  startup_stm32f103xe.o(.text)
    TIM1_BRK_IRQHandler                      0x0800015f   Thumb Code     0  startup_stm32f103xe.o(.text)
    TIM1_CC_IRQHandler                       0x0800015f   Thumb Code     0  startup_stm32f103xe.o(.text)
    TIM1_TRG_COM_IRQHandler                  0x0800015f   Thumb Code     0  startup_stm32f103xe.o(.text)
    TIM1_UP_IRQHandler                       0x0800015f   Thumb Code     0  startup_stm32f103xe.o(.text)
    TIM2_IRQHandler                          0x0800015f   Thumb Code     0  startup_stm32f103xe.o(.text)
    TIM3_IRQHandler                          0x0800015f   Thumb Code     0  startup_stm32f103xe.o(.text)
    TIM5_IRQHandler                          0x0800015f   Thumb Code     0  startup_stm32f103xe.o(.text)
    TIM8_BRK_IRQHandler                      0x0800015f   Thumb Code     0  startup_stm32f103xe.o(.text)
    TIM8_CC_IRQHandler                       0x0800015f   Thumb Code     0  startup_stm32f103xe.o(.text)
    TIM8_TRG_COM_IRQHandler                  0x0800015f   Thumb Code     0  startup_stm32f103xe.o(.text)
    UART4_IRQHandler                         0x0800015f   Thumb Code     0  startup_stm32f103xe.o(.text)
    UART5_IRQHandler                         0x0800015f   Thumb Code     0  startup_stm32f103xe.o(.text)
    USART2_IRQHandler                        0x0800015f   Thumb Code     0  startup_stm32f103xe.o(.text)
    USBWakeUp_IRQHandler                     0x0800015f   Thumb Code     0  startup_stm32f103xe.o(.text)
    USB_HP_CAN1_TX_IRQHandler                0x0800015f   Thumb Code     0  startup_stm32f103xe.o(.text)
    USB_LP_CAN1_RX0_IRQHandler               0x0800015f   Thumb Code     0  startup_stm32f103xe.o(.text)
    WWDG_IRQHandler                          0x0800015f   Thumb Code     0  startup_stm32f103xe.o(.text)
    __aeabi_llsr                             0x08000169   Thumb Code    32  llushr.o(.text)
    _ll_ushift_r                             0x08000169   Thumb Code     0  llushr.o(.text)
    rand                                     0x08000189   Thumb Code    20  rand.o(.text)
    srand                                    0x0800019d   Thumb Code     6  rand.o(.text)
    __aeabi_memset                           0x080001ad   Thumb Code    14  memseta.o(.text)
    __aeabi_memset4                          0x080001ad   Thumb Code     0  memseta.o(.text)
    __aeabi_memset8                          0x080001ad   Thumb Code     0  memseta.o(.text)
    __aeabi_memclr                           0x080001bb   Thumb Code     4  memseta.o(.text)
    __aeabi_memclr4                          0x080001bb   Thumb Code     0  memseta.o(.text)
    __aeabi_memclr8                          0x080001bb   Thumb Code     0  memseta.o(.text)
    _memset$wrapper                          0x080001bf   Thumb Code    18  memseta.o(.text)
    __aeabi_fadd                             0x080001d1   Thumb Code   164  fadd.o(.text)
    __aeabi_fsub                             0x08000275   Thumb Code     6  fadd.o(.text)
    __aeabi_frsub                            0x0800027b   Thumb Code     6  fadd.o(.text)
    __aeabi_fdiv                             0x08000281   Thumb Code   124  fdiv.o(.text)
    __aeabi_dadd                             0x080002fd   Thumb Code   322  dadd.o(.text)
    __aeabi_dsub                             0x0800043f   Thumb Code     6  dadd.o(.text)
    __aeabi_drsub                            0x08000445   Thumb Code     6  dadd.o(.text)
    __aeabi_dmul                             0x0800044b   Thumb Code   228  dmul.o(.text)
    __aeabi_ddiv                             0x0800052f   Thumb Code   222  ddiv.o(.text)
    __ARM_scalbn                             0x0800060d   Thumb Code    46  dscalb.o(.text)
    scalbn                                   0x0800060d   Thumb Code     0  dscalb.o(.text)
    __aeabi_i2f                              0x0800063b   Thumb Code    18  fflti.o(.text)
    __aeabi_ui2f                             0x0800064d   Thumb Code    10  ffltui.o(.text)
    __aeabi_i2d                              0x08000657   Thumb Code    34  dflti.o(.text)
    __aeabi_ui2d                             0x08000679   Thumb Code    26  dfltui.o(.text)
    __aeabi_f2d                              0x08000693   Thumb Code    38  f2d.o(.text)
    __aeabi_d2f                              0x080006b9   Thumb Code    56  d2f.o(.text)
    __aeabi_cfcmpeq                          0x080006f1   Thumb Code     0  cfcmple.o(.text)
    __aeabi_cfcmple                          0x080006f1   Thumb Code    20  cfcmple.o(.text)
    __aeabi_cfrcmple                         0x08000705   Thumb Code    20  cfrcmple.o(.text)
    __aeabi_uidiv                            0x08000719   Thumb Code     0  uidiv.o(.text)
    __aeabi_uidivmod                         0x08000719   Thumb Code    44  uidiv.o(.text)
    __aeabi_uldivmod                         0x08000745   Thumb Code    98  uldiv.o(.text)
    __aeabi_llsl                             0x080007a7   Thumb Code    30  llshl.o(.text)
    _ll_shift_l                              0x080007a7   Thumb Code     0  llshl.o(.text)
    __aeabi_lasr                             0x080007c5   Thumb Code    36  llsshr.o(.text)
    _ll_sshift_r                             0x080007c5   Thumb Code     0  llsshr.o(.text)
    __I$use$fp                               0x080007e9   Thumb Code     0  iusefp.o(.text)
    _float_round                             0x080007e9   Thumb Code    18  fepilogue.o(.text)
    _float_epilogue                          0x080007fb   Thumb Code    92  fepilogue.o(.text)
    _double_round                            0x08000857   Thumb Code    30  depilogue.o(.text)
    _double_epilogue                         0x08000875   Thumb Code   156  depilogue.o(.text)
    __aeabi_d2ulz                            0x08000911   Thumb Code    48  dfixul.o(.text)
    __aeabi_cdcmpeq                          0x08000941   Thumb Code     0  cdcmple.o(.text)
    __aeabi_cdcmple                          0x08000941   Thumb Code    48  cdcmple.o(.text)
    __aeabi_cdrcmple                         0x08000971   Thumb Code    48  cdrcmple.o(.text)
    __scatterload                            0x080009a1   Thumb Code    28  init.o(.text)
    __scatterload_rt2                        0x080009a1   Thumb Code     0  init.o(.text)
    AnalysisCommand                          0x080009c5   Thumb Code   218  usart.o(i.AnalysisCommand)
    AnalysisComputermsg                      0x08000aad   Thumb Code   526  usart.o(i.AnalysisComputermsg)
    AnalysisFFT                              0x08000cc9   Thumb Code   112  usart.o(i.AnalysisFFT)
    AnalysisMiStaus                          0x08000d45   Thumb Code    78  usart.o(i.AnalysisMiStaus)
    BusFault_Handler                         0x08000da1   Thumb Code     2  stm32f1xx_it.o(i.BusFault_Handler)
    ClearFFT                                 0x08000da5   Thumb Code    20  usart.o(i.ClearFFT)
    ConvertData                              0x08000dbd   Thumb Code   360  usart.o(i.ConvertData)
    DMA1_Channel2_IRQHandler                 0x08000f91   Thumb Code     6  stm32f1xx_it.o(i.DMA1_Channel2_IRQHandler)
    DMA1_Channel4_IRQHandler                 0x08000f9d   Thumb Code     6  stm32f1xx_it.o(i.DMA1_Channel4_IRQHandler)
    DMA1_Channel5_IRQHandler                 0x08000fa9   Thumb Code     6  stm32f1xx_it.o(i.DMA1_Channel5_IRQHandler)
    DS3231_IIC_Ack                           0x08000fe1   Thumb Code    68  ds3231.o(i.DS3231_IIC_Ack)
    DS3231_IIC_Read_Byte                     0x08001029   Thumb Code   100  ds3231.o(i.DS3231_IIC_Read_Byte)
    DS3231_IIC_SDA_IN                        0x08001091   Thumb Code    26  ds3231.o(i.DS3231_IIC_SDA_IN)
    DS3231_IIC_SDA_OUT                       0x080010b1   Thumb Code    24  ds3231.o(i.DS3231_IIC_SDA_OUT)
    DS3231_IIC_Start                         0x080010cd   Thumb Code    76  ds3231.o(i.DS3231_IIC_Start)
    DS3231_IIC_Stop                          0x0800111d   Thumb Code    60  ds3231.o(i.DS3231_IIC_Stop)
    DS3231_IIC_Write_Byte                    0x0800115d   Thumb Code   142  ds3231.o(i.DS3231_IIC_Write_Byte)
    DS3231_Operate_Register                  0x080011f1   Thumb Code   126  ds3231.o(i.DS3231_Operate_Register)
    DS3231_ReadWrite_Time                    0x08001271   Thumb Code   146  ds3231.o(i.DS3231_ReadWrite_Time)
    DS3231_SetUart                           0x08001309   Thumb Code   116  ds3231.o(i.DS3231_SetUart)
    DS3231_Time_Init                         0x08001385   Thumb Code    34  ds3231.o(i.DS3231_Time_Init)
    DS3231_Write_Byte                        0x080013a7   Thumb Code    38  ds3231.o(i.DS3231_Write_Byte)
    DS3231_delay_us                          0x080013cd   Thumb Code    24  ds3231.o(i.DS3231_delay_us)
    DebugMon_Handler                         0x080013e5   Thumb Code     2  stm32f1xx_it.o(i.DebugMon_Handler)
    Error_Handler                            0x080013e7   Thumb Code     2  main.o(i.Error_Handler)
    HAL_DMA_Abort                            0x080013e9   Thumb Code    48  stm32f1xx_hal_dma.o(i.HAL_DMA_Abort)
    HAL_DMA_Abort_IT                         0x08001419   Thumb Code   296  stm32f1xx_hal_dma.o(i.HAL_DMA_Abort_IT)
    HAL_DMA_IRQHandler                       0x08001549   Thumb Code   552  stm32f1xx_hal_dma.o(i.HAL_DMA_IRQHandler)
    HAL_DMA_Init                             0x08001791   Thumb Code   112  stm32f1xx_hal_dma.o(i.HAL_DMA_Init)
    HAL_DMA_Start_IT                         0x0800180d   Thumb Code   112  stm32f1xx_hal_dma.o(i.HAL_DMA_Start_IT)
    HAL_Delay                                0x0800187d   Thumb Code    32  stm32f1xx_hal.o(i.HAL_Delay)
    HAL_GPIO_Init                            0x080018a1   Thumb Code   446  stm32f1xx_hal_gpio.o(i.HAL_GPIO_Init)
    HAL_GPIO_ReadPin                         0x08001a89   Thumb Code    10  stm32f1xx_hal_gpio.o(i.HAL_GPIO_ReadPin)
    HAL_GPIO_WritePin                        0x08001a93   Thumb Code    10  stm32f1xx_hal_gpio.o(i.HAL_GPIO_WritePin)
    HAL_GetTick                              0x08001a9d   Thumb Code     6  stm32f1xx_hal.o(i.HAL_GetTick)
    HAL_IncTick                              0x08001aa9   Thumb Code    12  stm32f1xx_hal.o(i.HAL_IncTick)
    HAL_Init                                 0x08001ab9   Thumb Code    32  stm32f1xx_hal.o(i.HAL_Init)
    HAL_InitTick                             0x08001add   Thumb Code    54  stm32f1xx_hal.o(i.HAL_InitTick)
    HAL_MspInit                              0x08001b1d   Thumb Code    52  stm32f1xx_hal_msp.o(i.HAL_MspInit)
    HAL_NVIC_EnableIRQ                       0x08001b59   Thumb Code    22  stm32f1xx_hal_cortex.o(i.HAL_NVIC_EnableIRQ)
    HAL_NVIC_SetPriority                     0x08001b71   Thumb Code    60  stm32f1xx_hal_cortex.o(i.HAL_NVIC_SetPriority)
    HAL_NVIC_SetPriorityGrouping             0x08001bb1   Thumb Code    26  stm32f1xx_hal_cortex.o(i.HAL_NVIC_SetPriorityGrouping)
    HAL_RCC_ClockConfig                      0x08001bd5   Thumb Code   346  stm32f1xx_hal_rcc.o(i.HAL_RCC_ClockConfig)
    HAL_RCC_GetPCLK1Freq                     0x08001d41   Thumb Code    20  stm32f1xx_hal_rcc.o(i.HAL_RCC_GetPCLK1Freq)
    HAL_RCC_GetPCLK2Freq                     0x08001d61   Thumb Code    20  stm32f1xx_hal_rcc.o(i.HAL_RCC_GetPCLK2Freq)
    HAL_RCC_GetSysClockFreq                  0x08001d81   Thumb Code    74  stm32f1xx_hal_rcc.o(i.HAL_RCC_GetSysClockFreq)
    HAL_RCC_OscConfig                        0x08001ded   Thumb Code   750  stm32f1xx_hal_rcc.o(i.HAL_RCC_OscConfig)
    HAL_SPI_Init                             0x080020f1   Thumb Code   128  stm32f1xx_hal_spi.o(i.HAL_SPI_Init)
    HAL_SPI_MspInit                          0x08002171   Thumb Code   140  spi.o(i.HAL_SPI_MspInit)
    HAL_SPI_Receive                          0x08002211   Thumb Code   336  stm32f1xx_hal_spi.o(i.HAL_SPI_Receive)
    HAL_SPI_TransmitReceive                  0x08002361   Thumb Code   472  stm32f1xx_hal_spi.o(i.HAL_SPI_TransmitReceive)
    HAL_SYSTICK_Config                       0x08002539   Thumb Code    40  stm32f1xx_hal_cortex.o(i.HAL_SYSTICK_Config)
    HAL_TIMEx_BreakCallback                  0x08002561   Thumb Code     2  stm32f1xx_hal_tim_ex.o(i.HAL_TIMEx_BreakCallback)
    HAL_TIMEx_CommutationCallback            0x08002563   Thumb Code     2  stm32f1xx_hal_tim_ex.o(i.HAL_TIMEx_CommutationCallback)
    HAL_TIMEx_MasterConfigSynchronization    0x08002565   Thumb Code    80  stm32f1xx_hal_tim_ex.o(i.HAL_TIMEx_MasterConfigSynchronization)
    HAL_TIM_Base_Init                        0x080025b5   Thumb Code    54  stm32f1xx_hal_tim.o(i.HAL_TIM_Base_Init)
    HAL_TIM_Base_MspInit                     0x080025ed   Thumb Code   158  tim.o(i.HAL_TIM_Base_MspInit)
    HAL_TIM_Base_Start_IT                    0x080026a1   Thumb Code    24  stm32f1xx_hal_tim.o(i.HAL_TIM_Base_Start_IT)
    HAL_TIM_Base_Stop_IT                     0x080026b9   Thumb Code    42  stm32f1xx_hal_tim.o(i.HAL_TIM_Base_Stop_IT)
    HAL_TIM_ConfigClockSource                0x080026e3   Thumb Code   242  stm32f1xx_hal_tim.o(i.HAL_TIM_ConfigClockSource)
    HAL_TIM_IC_CaptureCallback               0x080027d5   Thumb Code     2  stm32f1xx_hal_tim.o(i.HAL_TIM_IC_CaptureCallback)
    HAL_TIM_IRQHandler                       0x080027d7   Thumb Code   358  stm32f1xx_hal_tim.o(i.HAL_TIM_IRQHandler)
    HAL_TIM_OC_DelayElapsedCallback          0x0800293d   Thumb Code     2  stm32f1xx_hal_tim.o(i.HAL_TIM_OC_DelayElapsedCallback)
    HAL_TIM_PWM_PulseFinishedCallback        0x0800293f   Thumb Code     2  stm32f1xx_hal_tim.o(i.HAL_TIM_PWM_PulseFinishedCallback)
    HAL_TIM_PeriodElapsedCallback            0x08002941   Thumb Code   198  main.o(i.HAL_TIM_PeriodElapsedCallback)
    HAL_TIM_TriggerCallback                  0x08002a29   Thumb Code     2  stm32f1xx_hal_tim.o(i.HAL_TIM_TriggerCallback)
    HAL_UART_DMAStop                         0x08002a2b   Thumb Code    88  stm32f1xx_hal_uart.o(i.HAL_UART_DMAStop)
    HAL_UART_ErrorCallback                   0x08002a85   Thumb Code    44  usart.o(i.HAL_UART_ErrorCallback)
    HAL_UART_IRQHandler                      0x08002abd   Thumb Code   266  stm32f1xx_hal_uart.o(i.HAL_UART_IRQHandler)
    HAL_UART_Init                            0x08002bcd   Thumb Code    98  stm32f1xx_hal_uart.o(i.HAL_UART_Init)
    HAL_UART_MspInit                         0x08002c31   Thumb Code   282  usart.o(i.HAL_UART_MspInit)
    HAL_UART_Receive_DMA                     0x08002d69   Thumb Code   138  stm32f1xx_hal_uart.o(i.HAL_UART_Receive_DMA)
    HAL_UART_Receive_IT                      0x08002e01   Thumb Code    82  stm32f1xx_hal_uart.o(i.HAL_UART_Receive_IT)
    HAL_UART_RxCpltCallback                  0x08002e55   Thumb Code   206  usart.o(i.HAL_UART_RxCpltCallback)
    HAL_UART_RxHalfCpltCallback              0x08002f31   Thumb Code     2  stm32f1xx_hal_uart.o(i.HAL_UART_RxHalfCpltCallback)
    HAL_UART_Transmit                        0x08002f33   Thumb Code   186  stm32f1xx_hal_uart.o(i.HAL_UART_Transmit)
    HAL_UART_Transmit_IT                     0x08002fed   Thumb Code    62  stm32f1xx_hal_uart.o(i.HAL_UART_Transmit_IT)
    HAL_UART_TxCpltCallback                  0x0800302b   Thumb Code     2  stm32f1xx_hal_uart.o(i.HAL_UART_TxCpltCallback)
    HEX2BCD                                  0x0800302d   Thumb Code    34  ds3231.o(i.HEX2BCD)
    HardFault_Handler                        0x0800304f   Thumb Code     2  stm32f1xx_it.o(i.HardFault_Handler)
    InitData                                 0x08003051   Thumb Code   174  usart.o(i.InitData)
    Judge_Mode                               0x0800314d   Thumb Code    68  usart.o(i.Judge_Mode)
    MX_DMA_Init                              0x0800319d   Thumb Code    72  dma.o(i.MX_DMA_Init)
    MX_GPIO_Init                             0x080031e9   Thumb Code   258  gpio.o(i.MX_GPIO_Init)
    MX_SPI1_Init                             0x080032fd   Thumb Code    64  spi.o(i.MX_SPI1_Init)
    MX_TIM4_Init                             0x08003345   Thumb Code    96  tim.o(i.MX_TIM4_Init)
    MX_TIM6_Init                             0x080033ad   Thumb Code    62  tim.o(i.MX_TIM6_Init)
    MX_TIM7_Init                             0x080033f5   Thumb Code    64  tim.o(i.MX_TIM7_Init)
    MX_TIM8_Init                             0x0800343d   Thumb Code    98  tim.o(i.MX_TIM8_Init)
    MX_USART1_UART_Init                      0x080034a9   Thumb Code    48  usart.o(i.MX_USART1_UART_Init)
    MX_USART3_UART_Init                      0x080034e1   Thumb Code    48  usart.o(i.MX_USART3_UART_Init)
    MemManage_Handler                        0x08003519   Thumb Code     2  stm32f1xx_it.o(i.MemManage_Handler)
    Motion_CircleInit                        0x0800351d   Thumb Code    92  oled.o(i.Motion_CircleInit)
    Motion_MindInit                          0x08003581   Thumb Code   350  oled.o(i.Motion_MindInit)
    Motion_MovmeteorInit                     0x080036f5   Thumb Code   138  oled.o(i.Motion_MovmeteorInit)
    Motion_SnowflakeInit                     0x0800378d   Thumb Code   104  oled.o(i.Motion_SnowflakeInit)
    NMI_Handler                              0x080037fd   Thumb Code     2  stm32f1xx_it.o(i.NMI_Handler)
    Nix2Num                                  0x0800381f   Thumb Code    88  usart.o(i.Nix2Num)
    OLED_AllMotion_Init                      0x08003877   Thumb Code    22  oled.o(i.OLED_AllMotion_Init)
    OLED_Boot                                0x0800388d   Thumb Code    54  main.o(i.OLED_Boot)
    OLED_Clear                               0x080038cd   Thumb Code    40  oled.o(i.OLED_Clear)
    OLED_Full                                0x080038f9   Thumb Code    44  oled.o(i.OLED_Full)
    OLED_Init                                0x08003929   Thumb Code   260  oled.o(i.OLED_Init)
    OLED_Refresh_Gram                        0x08003a31   Thumb Code    84  oled.o(i.OLED_Refresh_Gram)
    OLED_WR_CMD                              0x08003a89   Thumb Code    28  oled.o(i.OLED_WR_CMD)
    OLED_WR_DATA                             0x08003aad   Thumb Code    20  oled.o(i.OLED_WR_DATA)
    PendSV_Handler                           0x08003ac9   Thumb Code     2  stm32f1xx_it.o(i.PendSV_Handler)
    SPI1_ReadWriteByte                       0x08003acd   Thumb Code    26  flash.o(i.SPI1_ReadWriteByte)
    SPI_FLASH_Write_Enable                   0x08003b0d   Thumb Code    34  flash.o(i.SPI_FLASH_Write_Enable)
    SPI_Flash_Erase_Sector                   0x08003b35   Thumb Code    70  flash.o(i.SPI_Flash_Erase_Sector)
    SPI_Flash_Init                           0x08003b81   Thumb Code    12  flash.o(i.SPI_Flash_Init)
    SPI_Flash_Read                           0x08003b91   Thumb Code    76  flash.o(i.SPI_Flash_Read)
    SPI_Flash_ReadID                         0x08003be5   Thumb Code    72  flash.o(i.SPI_Flash_ReadID)
    SPI_Flash_ReadSR                         0x08003c31   Thumb Code    42  flash.o(i.SPI_Flash_ReadSR)
    SPI_Flash_Wait_Busy                      0x08003c61   Thumb Code    14  flash.o(i.SPI_Flash_Wait_Busy)
    SPI_Flash_Write                          0x08003c6f   Thumb Code    28  flash.o(i.SPI_Flash_Write)
    SPI_Flash_Write_NoCheck                  0x08003c8b   Thumb Code    62  flash.o(i.SPI_Flash_Write_NoCheck)
    SPI_Flash_Write_Page                     0x08003cc9   Thumb Code    90  flash.o(i.SPI_Flash_Write_Page)
    SVC_Handler                              0x08003dbf   Thumb Code     2  stm32f1xx_it.o(i.SVC_Handler)
    SysTick_Handler                          0x08003dc1   Thumb Code     4  stm32f1xx_it.o(i.SysTick_Handler)
    SystemClock_Config                       0x08003dc5   Thumb Code    78  main.o(i.SystemClock_Config)
    SystemInit                               0x08003e15   Thumb Code    56  system_stm32f1xx.o(i.SystemInit)
    TIM4_IRQHandler                          0x08003e5d   Thumb Code     6  stm32f1xx_it.o(i.TIM4_IRQHandler)
    TIM6_IRQHandler                          0x08003e69   Thumb Code     6  stm32f1xx_it.o(i.TIM6_IRQHandler)
    TIM7_IRQHandler                          0x08003e75   Thumb Code     6  stm32f1xx_it.o(i.TIM7_IRQHandler)
    TIM8_UP_IRQHandler                       0x08003e81   Thumb Code     6  stm32f1xx_it.o(i.TIM8_UP_IRQHandler)
    TIM_Base_SetConfig                       0x08003e8d   Thumb Code   120  stm32f1xx_hal_tim.o(i.TIM_Base_SetConfig)
    Time_Handle                              0x08003f85   Thumb Code   380  ds3231.o(i.Time_Handle)
    Tranfcmd                                 0x08004229   Thumb Code    86  usart.o(i.Tranfcmd)
    USART1_IRQHandler                        0x08004621   Thumb Code    96  stm32f1xx_it.o(i.USART1_IRQHandler)
    USART3_IRQHandler                        0x08004695   Thumb Code     6  stm32f1xx_it.o(i.USART3_IRQHandler)
    Update_Pos                               0x080046a1   Thumb Code   108  main.o(i.Update_Pos)
    UsageFault_Handler                       0x08004711   Thumb Code     2  stm32f1xx_it.o(i.UsageFault_Handler)
    __0printf                                0x08004715   Thumb Code    22  printfa.o(i.__0printf)
    __1printf                                0x08004715   Thumb Code     0  printfa.o(i.__0printf)
    __2printf                                0x08004715   Thumb Code     0  printfa.o(i.__0printf)
    __c89printf                              0x08004715   Thumb Code     0  printfa.o(i.__0printf)
    printf                                   0x08004715   Thumb Code     0  printfa.o(i.__0printf)
    __0sprintf                               0x08004735   Thumb Code    34  printfa.o(i.__0sprintf)
    __1sprintf                               0x08004735   Thumb Code     0  printfa.o(i.__0sprintf)
    __2sprintf                               0x08004735   Thumb Code     0  printfa.o(i.__0sprintf)
    __c89sprintf                             0x08004735   Thumb Code     0  printfa.o(i.__0sprintf)
    sprintf                                  0x08004735   Thumb Code     0  printfa.o(i.__0sprintf)
    __kernel_poly                            0x0800475d   Thumb Code   170  poly.o(i.__kernel_poly)
    __mathlib_dbl_divzero                    0x08004809   Thumb Code    12  dunder.o(i.__mathlib_dbl_divzero)
    __mathlib_dbl_infnan                     0x08004819   Thumb Code     6  dunder.o(i.__mathlib_dbl_infnan)
    __mathlib_dbl_invalid                    0x0800481f   Thumb Code    12  dunder.o(i.__mathlib_dbl_invalid)
    __scatterload_copy                       0x0800482b   Thumb Code    14  handlers.o(i.__scatterload_copy)
    __scatterload_null                       0x08004839   Thumb Code     2  handlers.o(i.__scatterload_null)
    __scatterload_zeroinit                   0x0800483b   Thumb Code    14  handlers.o(i.__scatterload_zeroinit)
    __set_errno                              0x08004849   Thumb Code     6  errno.o(i.__set_errno)
    fputc                                    0x08005111   Thumb Code    20  usart.o(i.fputc)
    log                                      0x08005129   Thumb Code   808  log.o(i.log)
    main                                     0x08005485   Thumb Code   178  main.o(i.main)
    temp_data                                0x08005589   Thumb Code    88  main.o(i.temp_data)
    AHBPrescTable                            0x08005608   Data          16  system_stm32f1xx.o(.constdata)
    APBPrescTable                            0x08005618   Data           8  system_stm32f1xx.o(.constdata)
    __mathlib_zero                           0x08005658   Data           8  qnan.o(.constdata)
    Region$$Table$$Base                      0x08005660   Number         0  anon$$obj.o(Region$$Table)
    Region$$Table$$Limit                     0x08005680   Number         0  anon$$obj.o(Region$$Table)
    Flag_Refrash                             0x20000000   Data           1  main.o(.data)
    Flag_Blink                               0x20000001   Data           1  main.o(.data)
    Flag_Sleep                               0x20000002   Data           1  main.o(.data)
    Flag_Continue                            0x20000003   Data           1  main.o(.data)
    Flag_Reception                           0x20000004   Data           1  main.o(.data)
    OfflineCount                             0x20000005   Data           1  main.o(.data)
    SystemActive                             0x20000006   Data           1  main.o(.data)
    RandomP                                  0x20000007   Data           1  main.o(.data)
    RandomPosX                               0x20000008   Data           1  main.o(.data)
    RandomPosY                               0x20000009   Data           1  main.o(.data)
    BTVPostionX                              0x2000000a   Data           1  main.o(.data)
    VoiceFlag                                0x2000000b   Data           1  main.o(.data)
    Display_Mode                             0x2000000e   Data           2  main.o(.data)
    temp                                     0x20000018   Data           4  main.o(.data)
    Display_State                            0x2000001c   Data           5  main.o(.data)
    Display_Notification                     0x20000021   Data           6  main.o(.data)
    timed                                    0x20000028   Data           8  main.o(.data)
    Uart_Recv1_Length                        0x20000030   Data           2  usart.o(.data)
    Uart_Overflow1_Flag                      0x20000032   Data           1  usart.o(.data)
    SaveFlag                                 0x20000033   Data           1  usart.o(.data)
    Uart_Overflow3_Flag                      0x20000034   Data           1  usart.o(.data)
    Uart_Recv3_Data                          0x2000003a   Data           1  usart.o(.data)
    Clock_Msg                                0x2000003b   Data           8  usart.o(.data)
    ReponseID                                0x20000043   Data          10  usart.o(.data)
    SystemCoreClock                          0x20000050   Data           4  system_stm32f1xx.o(.data)
    Notbarrefsflag                           0x20000054   Data           1  oled.o(.data)
    Notbarautoflag                           0x20000055   Data           1  oled.o(.data)
    ASUSMotionStep                           0x20000056   Data           1  oled.o(.data)
    MindNum                                  0x20000057   Data           1  oled.o(.data)
    CircleNum                                0x20000058   Data           1  oled.o(.data)
    SnowflakeNum                             0x20000059   Data           1  oled.o(.data)
    MeteoNum                                 0x2000005a   Data           1  oled.o(.data)
    MovmeteorStep                            0x20000078   Data           4  oled.o(.data)
    MovmeteorStep_X                          0x20000098   Data           4  oled.o(.data)
    DefLineStep_X                            0x2000009c   Data           4  oled.o(.data)
    SHOW_CORN                                0x200000a5   Data           6  oled.o(.data)
    FixTimeCount                             0x200000ac   Data           4  ds3231.o(.data)
    DS3231_Init_Buf                          0x200000b0   Data           7  ds3231.o(.data)
    DS3231_US_Buf                            0x200000b7   Data           7  ds3231.o(.data)
    SPI_FLASH_TYPE                           0x200000be   Data           2  flash.o(.data)
    uwTickFreq                               0x200000c0   Data           1  stm32f1xx_hal.o(.data)
    uwTickPrio                               0x200000c4   Data           4  stm32f1xx_hal.o(.data)
    uwTick                                   0x200000c8   Data           4  stm32f1xx_hal.o(.data)
    __stdout                                 0x200000d0   Data           4  stdout.o(.data)
    fall_pot                                 0x200000d8   Data         250  main.o(.bss)
    flow_pot                                 0x200001d2   Data         250  main.o(.bss)
    BootGRAM                                 0x20000498   Data       14592  main.o(.bss)
    SampPoint                                0x20003d98   Data        3072  main.o(.bss)
    hspi1                                    0x20004998   Data          88  spi.o(.bss)
    hdma_spi1_rx                             0x200049f0   Data          68  spi.o(.bss)
    htim4                                    0x20004a34   Data          64  tim.o(.bss)
    htim6                                    0x20004a74   Data          64  tim.o(.bss)
    htim7                                    0x20004ab4   Data          64  tim.o(.bss)
    htim8                                    0x20004af4   Data          64  tim.o(.bss)
    Uart_Recv1_Buf                           0x20004b34   Data         250  usart.o(.bss)
    huart1                                   0x20004c90   Data          64  usart.o(.bss)
    huart3                                   0x20004cd0   Data          64  usart.o(.bss)
    hdma_usart1_rx                           0x20004d10   Data          68  usart.o(.bss)
    hdma_usart1_tx                           0x20004d54   Data          68  usart.o(.bss)
    Device_Cmd                               0x20004d98   Data          18  usart.o(.bss)
    Device_Msg                               0x20004daa   Data         362  usart.o(.bss)
    Device_Str                               0x20004f14   Data         180  usart.o(.bss)
    OLED_GRAM                                0x20005060   Data       14592  oled.o(.bss)
    GRAM_Data                                0x20008960   Data         448  oled.o(.bss)
    GRAM_Flow                                0x20008b20   Data        5472  oled.o(.bss)
    FRAM_Flow                                0x2000a080   Data         100  oled.o(.bss)
    DampValue                                0x2000a0e4   Data          32  oled.o(.bss)
    RandMind                                 0x2000a104   Data         160  oled.o(.bss)
    MovMind                                  0x2000a1a4   Data         160  oled.o(.bss)
    MindStep_X                               0x2000a244   Data          80  oled.o(.bss)
    MindStep_Y                               0x2000a294   Data          80  oled.o(.bss)
    FucCircle                                0x2000a2e4   Data          48  oled.o(.bss)
    MovSnowflake                             0x2000a314   Data         300  oled.o(.bss)
    Movmeteor                                0x2000a440   Data         240  oled.o(.bss)
    Movmeteor_X                              0x2000a530   Data          80  oled.o(.bss)
    DefLine                                  0x2000a580   Data         300  oled.o(.bss)
    DefLine_X                                0x2000a6ac   Data         120  oled.o(.bss)
    ds3231                                   0x2000a724   Data         110  ds3231.o(.bss)
    __initial_sp                             0x2000ab98   Data           0  startup_stm32f103xe.o(STACK)



==============================================================================

Memory Map of the image

  Image Entry point : 0x08000131

  Load Region LR_IROM1 (Base: 0x08000000, Size: 0x00005758, Max: 0x00080000, ABSOLUTE)

    Execution Region ER_IROM1 (Exec base: 0x08000000, Load base: 0x08000000, Size: 0x00005680, Max: 0x00080000, ABSOLUTE)

    Exec Addr    Load Addr    Size         Type   Attr      Idx    E Section Name        Object

    0x08000000   0x08000000   0x00000130   Data   RO            3    RESET               startup_stm32f103xe.o
    0x08000130   0x08000130   0x00000000   Code   RO         4448  * .ARM.Collect$$$$00000000  mc_w.l(entry.o)
    0x08000130   0x08000130   0x00000004   Code   RO         4776    .ARM.Collect$$$$00000001  mc_w.l(entry2.o)
    0x08000134   0x08000134   0x00000004   Code   RO         4779    .ARM.Collect$$$$00000004  mc_w.l(entry5.o)
    0x08000138   0x08000138   0x00000000   Code   RO         4781    .ARM.Collect$$$$00000008  mc_w.l(entry7b.o)
    0x08000138   0x08000138   0x00000000   Code   RO         4783    .ARM.Collect$$$$0000000A  mc_w.l(entry8b.o)
    0x08000138   0x08000138   0x00000008   Code   RO         4784    .ARM.Collect$$$$0000000B  mc_w.l(entry9a.o)
    0x08000140   0x08000140   0x00000000   Code   RO         4786    .ARM.Collect$$$$0000000D  mc_w.l(entry10a.o)
    0x08000140   0x08000140   0x00000000   Code   RO         4788    .ARM.Collect$$$$0000000F  mc_w.l(entry11a.o)
    0x08000140   0x08000140   0x00000004   Code   RO         4777    .ARM.Collect$$$$00002712  mc_w.l(entry2.o)
    0x08000144   0x08000144   0x00000024   Code   RO            4    .text               startup_stm32f103xe.o
    0x08000168   0x08000168   0x00000020   Code   RO         4451    .text               mc_w.l(llushr.o)
    0x08000188   0x08000188   0x00000024   Code   RO         4453    .text               mc_w.l(rand.o)
    0x080001ac   0x080001ac   0x00000024   Code   RO         4456    .text               mc_w.l(memseta.o)
    0x080001d0   0x080001d0   0x000000b0   Code   RO         4719    .text               mf_w.l(fadd.o)
    0x08000280   0x08000280   0x0000007c   Code   RO         4723    .text               mf_w.l(fdiv.o)
    0x080002fc   0x080002fc   0x0000014e   Code   RO         4727    .text               mf_w.l(dadd.o)
    0x0800044a   0x0800044a   0x000000e4   Code   RO         4729    .text               mf_w.l(dmul.o)
    0x0800052e   0x0800052e   0x000000de   Code   RO         4731    .text               mf_w.l(ddiv.o)
    0x0800060c   0x0800060c   0x0000002e   Code   RO         4733    .text               mf_w.l(dscalb.o)
    0x0800063a   0x0800063a   0x00000012   Code   RO         4735    .text               mf_w.l(fflti.o)
    0x0800064c   0x0800064c   0x0000000a   Code   RO         4737    .text               mf_w.l(ffltui.o)
    0x08000656   0x08000656   0x00000022   Code   RO         4739    .text               mf_w.l(dflti.o)
    0x08000678   0x08000678   0x0000001a   Code   RO         4741    .text               mf_w.l(dfltui.o)
    0x08000692   0x08000692   0x00000026   Code   RO         4751    .text               mf_w.l(f2d.o)
    0x080006b8   0x080006b8   0x00000038   Code   RO         4753    .text               mf_w.l(d2f.o)
    0x080006f0   0x080006f0   0x00000014   Code   RO         4755    .text               mf_w.l(cfcmple.o)
    0x08000704   0x08000704   0x00000014   Code   RO         4757    .text               mf_w.l(cfrcmple.o)
    0x08000718   0x08000718   0x0000002c   Code   RO         4791    .text               mc_w.l(uidiv.o)
    0x08000744   0x08000744   0x00000062   Code   RO         4793    .text               mc_w.l(uldiv.o)
    0x080007a6   0x080007a6   0x0000001e   Code   RO         4795    .text               mc_w.l(llshl.o)
    0x080007c4   0x080007c4   0x00000024   Code   RO         4797    .text               mc_w.l(llsshr.o)
    0x080007e8   0x080007e8   0x00000000   Code   RO         4806    .text               mc_w.l(iusefp.o)
    0x080007e8   0x080007e8   0x0000006e   Code   RO         4807    .text               mf_w.l(fepilogue.o)
    0x08000856   0x08000856   0x000000ba   Code   RO         4809    .text               mf_w.l(depilogue.o)
    0x08000910   0x08000910   0x00000030   Code   RO         4813    .text               mf_w.l(dfixul.o)
    0x08000940   0x08000940   0x00000030   Code   RO         4815    .text               mf_w.l(cdcmple.o)
    0x08000970   0x08000970   0x00000030   Code   RO         4817    .text               mf_w.l(cdrcmple.o)
    0x080009a0   0x080009a0   0x00000024   Code   RO         4819    .text               mc_w.l(init.o)
    0x080009c4   0x080009c4   0x000000e8   Code   RO          578    i.AnalysisCommand   usart.o
    0x08000aac   0x08000aac   0x0000021c   Code   RO          579    i.AnalysisComputermsg  usart.o
    0x08000cc8   0x08000cc8   0x0000007c   Code   RO          581    i.AnalysisFFT       usart.o
    0x08000d44   0x08000d44   0x0000005c   Code   RO          582    i.AnalysisMiStaus   usart.o
    0x08000da0   0x08000da0   0x00000002   Code   RO          730    i.BusFault_Handler  stm32f1xx_it.o
    0x08000da2   0x08000da2   0x00000002   PAD
    0x08000da4   0x08000da4   0x00000018   Code   RO          583    i.ClearFFT          usart.o
    0x08000dbc   0x08000dbc   0x000001d4   Code   RO          584    i.ConvertData       usart.o
    0x08000f90   0x08000f90   0x0000000c   Code   RO          731    i.DMA1_Channel2_IRQHandler  stm32f1xx_it.o
    0x08000f9c   0x08000f9c   0x0000000c   Code   RO          732    i.DMA1_Channel4_IRQHandler  stm32f1xx_it.o
    0x08000fa8   0x08000fa8   0x0000000c   Code   RO          733    i.DMA1_Channel5_IRQHandler  stm32f1xx_it.o
    0x08000fb4   0x08000fb4   0x0000002a   Code   RO         3836    i.DMA_SetConfig     stm32f1xx_hal_dma.o
    0x08000fde   0x08000fde   0x00000002   PAD
    0x08000fe0   0x08000fe0   0x00000048   Code   RO         1665    i.DS3231_IIC_Ack    ds3231.o
    0x08001028   0x08001028   0x00000068   Code   RO         1666    i.DS3231_IIC_Read_Byte  ds3231.o
    0x08001090   0x08001090   0x00000020   Code   RO         1667    i.DS3231_IIC_SDA_IN  ds3231.o
    0x080010b0   0x080010b0   0x0000001c   Code   RO         1668    i.DS3231_IIC_SDA_OUT  ds3231.o
    0x080010cc   0x080010cc   0x00000050   Code   RO         1669    i.DS3231_IIC_Start  ds3231.o
    0x0800111c   0x0800111c   0x00000040   Code   RO         1670    i.DS3231_IIC_Stop   ds3231.o
    0x0800115c   0x0800115c   0x00000094   Code   RO         1671    i.DS3231_IIC_Write_Byte  ds3231.o
    0x080011f0   0x080011f0   0x0000007e   Code   RO         1672    i.DS3231_Operate_Register  ds3231.o
    0x0800126e   0x0800126e   0x00000002   PAD
    0x08001270   0x08001270   0x00000098   Code   RO         1673    i.DS3231_ReadWrite_Time  ds3231.o
    0x08001308   0x08001308   0x0000007c   Code   RO         1676    i.DS3231_SetUart    ds3231.o
    0x08001384   0x08001384   0x00000022   Code   RO         1677    i.DS3231_Time_Init  ds3231.o
    0x080013a6   0x080013a6   0x00000026   Code   RO         1678    i.DS3231_Write_Byte  ds3231.o
    0x080013cc   0x080013cc   0x00000018   Code   RO         1679    i.DS3231_delay_us   ds3231.o
    0x080013e4   0x080013e4   0x00000002   Code   RO          734    i.DebugMon_Handler  stm32f1xx_it.o
    0x080013e6   0x080013e6   0x00000002   Code   RO           24    i.Error_Handler     main.o
    0x080013e8   0x080013e8   0x00000030   Code   RO         3837    i.HAL_DMA_Abort     stm32f1xx_hal_dma.o
    0x08001418   0x08001418   0x00000130   Code   RO         3838    i.HAL_DMA_Abort_IT  stm32f1xx_hal_dma.o
    0x08001548   0x08001548   0x00000248   Code   RO         3842    i.HAL_DMA_IRQHandler  stm32f1xx_hal_dma.o
    0x08001790   0x08001790   0x0000007c   Code   RO         3843    i.HAL_DMA_Init      stm32f1xx_hal_dma.o
    0x0800180c   0x0800180c   0x00000070   Code   RO         3847    i.HAL_DMA_Start_IT  stm32f1xx_hal_dma.o
    0x0800187c   0x0800187c   0x00000024   Code   RO         3477    i.HAL_Delay         stm32f1xx_hal.o
    0x080018a0   0x080018a0   0x000001e8   Code   RO         3773    i.HAL_GPIO_Init     stm32f1xx_hal_gpio.o
    0x08001a88   0x08001a88   0x0000000a   Code   RO         3775    i.HAL_GPIO_ReadPin  stm32f1xx_hal_gpio.o
    0x08001a92   0x08001a92   0x0000000a   Code   RO         3777    i.HAL_GPIO_WritePin  stm32f1xx_hal_gpio.o
    0x08001a9c   0x08001a9c   0x0000000c   Code   RO         3481    i.HAL_GetTick       stm32f1xx_hal.o
    0x08001aa8   0x08001aa8   0x00000010   Code   RO         3485    i.HAL_IncTick       stm32f1xx_hal.o
    0x08001ab8   0x08001ab8   0x00000024   Code   RO         3486    i.HAL_Init          stm32f1xx_hal.o
    0x08001adc   0x08001adc   0x00000040   Code   RO         3487    i.HAL_InitTick      stm32f1xx_hal.o
    0x08001b1c   0x08001b1c   0x0000003c   Code   RO          864    i.HAL_MspInit       stm32f1xx_hal_msp.o
    0x08001b58   0x08001b58   0x00000016   Code   RO         3933    i.HAL_NVIC_EnableIRQ  stm32f1xx_hal_cortex.o
    0x08001b6e   0x08001b6e   0x00000002   PAD
    0x08001b70   0x08001b70   0x00000040   Code   RO         3939    i.HAL_NVIC_SetPriority  stm32f1xx_hal_cortex.o
    0x08001bb0   0x08001bb0   0x00000024   Code   RO         3940    i.HAL_NVIC_SetPriorityGrouping  stm32f1xx_hal_cortex.o
    0x08001bd4   0x08001bd4   0x0000016c   Code   RO         3633    i.HAL_RCC_ClockConfig  stm32f1xx_hal_rcc.o
    0x08001d40   0x08001d40   0x00000020   Code   RO         3640    i.HAL_RCC_GetPCLK1Freq  stm32f1xx_hal_rcc.o
    0x08001d60   0x08001d60   0x00000020   Code   RO         3641    i.HAL_RCC_GetPCLK2Freq  stm32f1xx_hal_rcc.o
    0x08001d80   0x08001d80   0x0000006c   Code   RO         3642    i.HAL_RCC_GetSysClockFreq  stm32f1xx_hal_rcc.o
    0x08001dec   0x08001dec   0x00000304   Code   RO         3645    i.HAL_RCC_OscConfig  stm32f1xx_hal_rcc.o
    0x080020f0   0x080020f0   0x00000080   Code   RO         1968    i.HAL_SPI_Init      stm32f1xx_hal_spi.o
    0x08002170   0x08002170   0x000000a0   Code   RO          476    i.HAL_SPI_MspInit   spi.o
    0x08002210   0x08002210   0x00000150   Code   RO         1971    i.HAL_SPI_Receive   stm32f1xx_hal_spi.o
    0x08002360   0x08002360   0x000001d8   Code   RO         1977    i.HAL_SPI_TransmitReceive  stm32f1xx_hal_spi.o
    0x08002538   0x08002538   0x00000028   Code   RO         3944    i.HAL_SYSTICK_Config  stm32f1xx_hal_cortex.o
    0x08002560   0x08002560   0x00000002   Code   RO         2911    i.HAL_TIMEx_BreakCallback  stm32f1xx_hal_tim_ex.o
    0x08002562   0x08002562   0x00000002   Code   RO         2912    i.HAL_TIMEx_CommutationCallback  stm32f1xx_hal_tim_ex.o
    0x08002564   0x08002564   0x00000050   Code   RO         2928    i.HAL_TIMEx_MasterConfigSynchronization  stm32f1xx_hal_tim_ex.o
    0x080025b4   0x080025b4   0x00000036   Code   RO         2282    i.HAL_TIM_Base_Init  stm32f1xx_hal_tim.o
    0x080025ea   0x080025ea   0x00000002   PAD
    0x080025ec   0x080025ec   0x000000b4   Code   RO          519    i.HAL_TIM_Base_MspInit  tim.o
    0x080026a0   0x080026a0   0x00000018   Code   RO         2287    i.HAL_TIM_Base_Start_IT  stm32f1xx_hal_tim.o
    0x080026b8   0x080026b8   0x0000002a   Code   RO         2290    i.HAL_TIM_Base_Stop_IT  stm32f1xx_hal_tim.o
    0x080026e2   0x080026e2   0x000000f2   Code   RO         2291    i.HAL_TIM_ConfigClockSource  stm32f1xx_hal_tim.o
    0x080027d4   0x080027d4   0x00000002   Code   RO         2311    i.HAL_TIM_IC_CaptureCallback  stm32f1xx_hal_tim.o
    0x080027d6   0x080027d6   0x00000166   Code   RO         2324    i.HAL_TIM_IRQHandler  stm32f1xx_hal_tim.o
    0x0800293c   0x0800293c   0x00000002   Code   RO         2327    i.HAL_TIM_OC_DelayElapsedCallback  stm32f1xx_hal_tim.o
    0x0800293e   0x0800293e   0x00000002   Code   RO         2354    i.HAL_TIM_PWM_PulseFinishedCallback  stm32f1xx_hal_tim.o
    0x08002940   0x08002940   0x000000e8   Code   RO           29    i.HAL_TIM_PeriodElapsedCallback  main.o
    0x08002a28   0x08002a28   0x00000002   Code   RO         2365    i.HAL_TIM_TriggerCallback  stm32f1xx_hal_tim.o
    0x08002a2a   0x08002a2a   0x00000058   Code   RO         3163    i.HAL_UART_DMAStop  stm32f1xx_hal_uart.o
    0x08002a82   0x08002a82   0x00000002   PAD
    0x08002a84   0x08002a84   0x00000038   Code   RO          586    i.HAL_UART_ErrorCallback  usart.o
    0x08002abc   0x08002abc   0x00000110   Code   RO         3168    i.HAL_UART_IRQHandler  stm32f1xx_hal_uart.o
    0x08002bcc   0x08002bcc   0x00000062   Code   RO         3169    i.HAL_UART_Init     stm32f1xx_hal_uart.o
    0x08002c2e   0x08002c2e   0x00000002   PAD
    0x08002c30   0x08002c30   0x00000138   Code   RO          588    i.HAL_UART_MspInit  usart.o
    0x08002d68   0x08002d68   0x00000098   Code   RO         3173    i.HAL_UART_Receive_DMA  stm32f1xx_hal_uart.o
    0x08002e00   0x08002e00   0x00000052   Code   RO         3174    i.HAL_UART_Receive_IT  stm32f1xx_hal_uart.o
    0x08002e52   0x08002e52   0x00000002   PAD
    0x08002e54   0x08002e54   0x000000dc   Code   RO          589    i.HAL_UART_RxCpltCallback  usart.o
    0x08002f30   0x08002f30   0x00000002   Code   RO         3176    i.HAL_UART_RxHalfCpltCallback  stm32f1xx_hal_uart.o
    0x08002f32   0x08002f32   0x000000ba   Code   RO         3177    i.HAL_UART_Transmit  stm32f1xx_hal_uart.o
    0x08002fec   0x08002fec   0x0000003e   Code   RO         3179    i.HAL_UART_Transmit_IT  stm32f1xx_hal_uart.o
    0x0800302a   0x0800302a   0x00000002   Code   RO         3180    i.HAL_UART_TxCpltCallback  stm32f1xx_hal_uart.o
    0x0800302c   0x0800302c   0x00000022   Code   RO         1680    i.HEX2BCD           ds3231.o
    0x0800304e   0x0800304e   0x00000002   Code   RO          735    i.HardFault_Handler  stm32f1xx_it.o
    0x08003050   0x08003050   0x000000fc   Code   RO          590    i.InitData          usart.o
    0x0800314c   0x0800314c   0x00000050   Code   RO          591    i.Judge_Mode        usart.o
    0x0800319c   0x0800319c   0x0000004c   Code   RO          451    i.MX_DMA_Init       dma.o
    0x080031e8   0x080031e8   0x00000114   Code   RO          423    i.MX_GPIO_Init      gpio.o
    0x080032fc   0x080032fc   0x00000048   Code   RO          477    i.MX_SPI1_Init      spi.o
    0x08003344   0x08003344   0x00000068   Code   RO          520    i.MX_TIM4_Init      tim.o
    0x080033ac   0x080033ac   0x00000048   Code   RO          521    i.MX_TIM6_Init      tim.o
    0x080033f4   0x080033f4   0x00000048   Code   RO          522    i.MX_TIM7_Init      tim.o
    0x0800343c   0x0800343c   0x0000006c   Code   RO          523    i.MX_TIM8_Init      tim.o
    0x080034a8   0x080034a8   0x00000038   Code   RO          592    i.MX_USART1_UART_Init  usart.o
    0x080034e0   0x080034e0   0x00000038   Code   RO          593    i.MX_USART3_UART_Init  usart.o
    0x08003518   0x08003518   0x00000002   Code   RO          736    i.MemManage_Handler  stm32f1xx_it.o
    0x0800351a   0x0800351a   0x00000002   PAD
    0x0800351c   0x0800351c   0x00000064   Code   RO         1248    i.Motion_CircleInit  oled.o
    0x08003580   0x08003580   0x00000174   Code   RO         1250    i.Motion_MindInit   oled.o
    0x080036f4   0x080036f4   0x00000098   Code   RO         1252    i.Motion_MovmeteorInit  oled.o
    0x0800378c   0x0800378c   0x00000070   Code   RO         1255    i.Motion_SnowflakeInit  oled.o
    0x080037fc   0x080037fc   0x00000002   Code   RO          737    i.NMI_Handler       stm32f1xx_it.o
    0x080037fe   0x080037fe   0x00000020   Code   RO         3946    i.NVIC_SetPriority  stm32f1xx_hal_cortex.o
    0x0800381e   0x0800381e   0x00000058   Code   RO          594    i.Nix2Num           usart.o
    0x08003876   0x08003876   0x00000016   Code   RO         1258    i.OLED_AllMotion_Init  oled.o
    0x0800388c   0x0800388c   0x00000040   Code   RO           39    i.OLED_Boot         main.o
    0x080038cc   0x080038cc   0x0000002c   Code   RO         1262    i.OLED_Clear        oled.o
    0x080038f8   0x080038f8   0x00000030   Code   RO         1275    i.OLED_Full         oled.o
    0x08003928   0x08003928   0x00000108   Code   RO         1276    i.OLED_Init         oled.o
    0x08003a30   0x08003a30   0x00000058   Code   RO         1285    i.OLED_Refresh_Gram  oled.o
    0x08003a88   0x08003a88   0x00000024   Code   RO         1292    i.OLED_WR_CMD       oled.o
    0x08003aac   0x08003aac   0x0000001c   Code   RO         1293    i.OLED_WR_DATA      oled.o
    0x08003ac8   0x08003ac8   0x00000002   Code   RO          738    i.PendSV_Handler    stm32f1xx_it.o
    0x08003aca   0x08003aca   0x00000002   PAD
    0x08003acc   0x08003acc   0x00000020   Code   RO         1798    i.SPI1_ReadWriteByte  flash.o
    0x08003aec   0x08003aec   0x00000020   Code   RO         1992    i.SPI_CheckFlag_BSY  stm32f1xx_hal_spi.o
    0x08003b0c   0x08003b0c   0x00000028   Code   RO         1800    i.SPI_FLASH_Write_Enable  flash.o
    0x08003b34   0x08003b34   0x0000004c   Code   RO         1803    i.SPI_Flash_Erase_Sector  flash.o
    0x08003b80   0x08003b80   0x00000010   Code   RO         1804    i.SPI_Flash_Init    flash.o
    0x08003b90   0x08003b90   0x00000054   Code   RO         1806    i.SPI_Flash_Read    flash.o
    0x08003be4   0x08003be4   0x0000004c   Code   RO         1807    i.SPI_Flash_ReadID  flash.o
    0x08003c30   0x08003c30   0x00000030   Code   RO         1808    i.SPI_Flash_ReadSR  flash.o
    0x08003c60   0x08003c60   0x0000000e   Code   RO         1810    i.SPI_Flash_Wait_Busy  flash.o
    0x08003c6e   0x08003c6e   0x0000001c   Code   RO         1811    i.SPI_Flash_Write   flash.o
    0x08003c8a   0x08003c8a   0x0000003e   Code   RO         1812    i.SPI_Flash_Write_NoCheck  flash.o
    0x08003cc8   0x08003cc8   0x00000060   Code   RO         1813    i.SPI_Flash_Write_Page  flash.o
    0x08003d28   0x08003d28   0x00000096   Code   RO         2011    i.SPI_WaitFlagStateUntilTimeout  stm32f1xx_hal_spi.o
    0x08003dbe   0x08003dbe   0x00000002   Code   RO          739    i.SVC_Handler       stm32f1xx_it.o
    0x08003dc0   0x08003dc0   0x00000004   Code   RO          740    i.SysTick_Handler   stm32f1xx_it.o
    0x08003dc4   0x08003dc4   0x0000004e   Code   RO           41    i.SystemClock_Config  main.o
    0x08003e12   0x08003e12   0x00000002   PAD
    0x08003e14   0x08003e14   0x00000048   Code   RO          889    i.SystemInit        system_stm32f1xx.o
    0x08003e5c   0x08003e5c   0x0000000c   Code   RO          741    i.TIM4_IRQHandler   stm32f1xx_it.o
    0x08003e68   0x08003e68   0x0000000c   Code   RO          742    i.TIM6_IRQHandler   stm32f1xx_it.o
    0x08003e74   0x08003e74   0x0000000c   Code   RO          743    i.TIM7_IRQHandler   stm32f1xx_it.o
    0x08003e80   0x08003e80   0x0000000c   Code   RO          744    i.TIM8_UP_IRQHandler  stm32f1xx_it.o
    0x08003e8c   0x08003e8c   0x0000008c   Code   RO         2366    i.TIM_Base_SetConfig  stm32f1xx_hal_tim.o
    0x08003f18   0x08003f18   0x00000014   Code   RO         2373    i.TIM_ETR_SetConfig  stm32f1xx_hal_tim.o
    0x08003f2c   0x08003f2c   0x00000010   Code   RO         2374    i.TIM_ITRx_SetConfig  stm32f1xx_hal_tim.o
    0x08003f3c   0x08003f3c   0x00000022   Code   RO         2380    i.TIM_TI1_ConfigInputStage  stm32f1xx_hal_tim.o
    0x08003f5e   0x08003f5e   0x00000024   Code   RO         2382    i.TIM_TI2_ConfigInputStage  stm32f1xx_hal_tim.o
    0x08003f82   0x08003f82   0x00000002   PAD
    0x08003f84   0x08003f84   0x000002a4   Code   RO         1681    i.Time_Handle       ds3231.o
    0x08004228   0x08004228   0x0000005c   Code   RO          596    i.Tranfcmd          usart.o
    0x08004284   0x08004284   0x00000010   Code   RO         3182    i.UART_DMAAbortOnError  stm32f1xx_hal_uart.o
    0x08004294   0x08004294   0x0000004a   Code   RO         3183    i.UART_DMAError     stm32f1xx_hal_uart.o
    0x080042de   0x080042de   0x0000003c   Code   RO         3184    i.UART_DMAReceiveCplt  stm32f1xx_hal_uart.o
    0x0800431a   0x0800431a   0x0000000a   Code   RO         3186    i.UART_DMARxHalfCplt  stm32f1xx_hal_uart.o
    0x08004324   0x08004324   0x0000001c   Code   RO         3192    i.UART_EndRxTransfer  stm32f1xx_hal_uart.o
    0x08004340   0x08004340   0x00000012   Code   RO         3193    i.UART_EndTxTransfer  stm32f1xx_hal_uart.o
    0x08004352   0x08004352   0x00000096   Code   RO         3194    i.UART_Receive_IT   stm32f1xx_hal_uart.o
    0x080043e8   0x080043e8   0x00000170   Code   RO         3195    i.UART_SetConfig    stm32f1xx_hal_uart.o
    0x08004558   0x08004558   0x00000062   Code   RO         3196    i.UART_Transmit_IT  stm32f1xx_hal_uart.o
    0x080045ba   0x080045ba   0x00000064   Code   RO         3197    i.UART_WaitOnFlagUntilTimeout  stm32f1xx_hal_uart.o
    0x0800461e   0x0800461e   0x00000002   PAD
    0x08004620   0x08004620   0x00000074   Code   RO          745    i.USART1_IRQHandler  stm32f1xx_it.o
    0x08004694   0x08004694   0x0000000c   Code   RO          746    i.USART3_IRQHandler  stm32f1xx_it.o
    0x080046a0   0x080046a0   0x00000070   Code   RO           47    i.Update_Pos        main.o
    0x08004710   0x08004710   0x00000002   Code   RO          747    i.UsageFault_Handler  stm32f1xx_it.o
    0x08004712   0x08004712   0x00000002   PAD
    0x08004714   0x08004714   0x00000020   Code   RO         4691    i.__0printf         mc_w.l(printfa.o)
    0x08004734   0x08004734   0x00000028   Code   RO         4693    i.__0sprintf        mc_w.l(printfa.o)
    0x0800475c   0x0800475c   0x000000aa   Code   RO         4773    i.__kernel_poly     m_ws.l(poly.o)
    0x08004806   0x08004806   0x00000002   PAD
    0x08004808   0x08004808   0x00000010   Code   RO         4759    i.__mathlib_dbl_divzero  m_ws.l(dunder.o)
    0x08004818   0x08004818   0x00000006   Code   RO         4760    i.__mathlib_dbl_infnan  m_ws.l(dunder.o)
    0x0800481e   0x0800481e   0x0000000c   Code   RO         4762    i.__mathlib_dbl_invalid  m_ws.l(dunder.o)
    0x0800482a   0x0800482a   0x0000000e   Code   RO         4823    i.__scatterload_copy  mc_w.l(handlers.o)
    0x08004838   0x08004838   0x00000002   Code   RO         4824    i.__scatterload_null  mc_w.l(handlers.o)
    0x0800483a   0x0800483a   0x0000000e   Code   RO         4825    i.__scatterload_zeroinit  mc_w.l(handlers.o)
    0x08004848   0x08004848   0x0000000c   Code   RO         4801    i.__set_errno       mc_w.l(errno.o)
    0x08004854   0x08004854   0x00000184   Code   RO         4698    i._fp_digits        mc_w.l(printfa.o)
    0x080049d8   0x080049d8   0x000006dc   Code   RO         4699    i._printf_core      mc_w.l(printfa.o)
    0x080050b4   0x080050b4   0x00000024   Code   RO         4700    i._printf_post_padding  mc_w.l(printfa.o)
    0x080050d8   0x080050d8   0x0000002e   Code   RO         4701    i._printf_pre_padding  mc_w.l(printfa.o)
    0x08005106   0x08005106   0x0000000a   Code   RO         4703    i._sputc            mc_w.l(printfa.o)
    0x08005110   0x08005110   0x00000018   Code   RO          597    i.fputc             usart.o
    0x08005128   0x08005128   0x0000035c   Code   RO         4431    i.log               m_ws.l(log.o)
    0x08005484   0x08005484   0x00000104   Code   RO           49    i.main              main.o
    0x08005588   0x08005588   0x00000080   Code   RO           50    i.temp_data         main.o
    0x08005608   0x08005608   0x00000010   Data   RO          890    .constdata          system_stm32f1xx.o
    0x08005618   0x08005618   0x00000008   Data   RO          891    .constdata          system_stm32f1xx.o
    0x08005620   0x08005620   0x00000038   Data   RO         4432    .constdata          m_ws.l(log.o)
    0x08005658   0x08005658   0x00000008   Data   RO         4775    .constdata          m_ws.l(qnan.o)
    0x08005660   0x08005660   0x00000020   Data   RO         4821    Region$$Table       anon$$obj.o


    Execution Region RW_IRAM1 (Exec base: 0x20000000, Load base: 0x08005680, Size: 0x0000ab98, Max: 0x00010000, ABSOLUTE)

    Exec Addr    Load Addr    Size         Type   Attr      Idx    E Section Name        Object

    0x20000000   0x08005680   0x00000030   Data   RW           52    .data               main.o
    0x20000030   0x080056b0   0x00000002   Data   RW          600    .data               usart.o
    0x20000032   0x080056b2   0x0000001b   Data   RW          601    .data               usart.o
    0x2000004d   0x080056cd   0x00000003   PAD
    0x20000050   0x080056d0   0x00000004   Data   RW          892    .data               system_stm32f1xx.o
    0x20000054   0x080056d4   0x00000057   Data   RW         1317    .data               oled.o
    0x200000ab   0x0800572b   0x00000001   PAD
    0x200000ac   0x0800572c   0x00000012   Data   RW         1683    .data               ds3231.o
    0x200000be   0x0800573e   0x00000002   Data   RW         1816    .data               flash.o
    0x200000c0   0x08005740   0x0000000c   Data   RW         3493    .data               stm32f1xx_hal.o
    0x200000cc   0x0800574c   0x00000004   Data   RW         4454    .data               mc_w.l(rand.o)
    0x200000d0   0x08005750   0x00000004   Data   RW         4790    .data               mc_w.l(stdout.o)
    0x200000d4   0x08005754   0x00000004   Data   RW         4802    .data               mc_w.l(errno.o)
    0x200000d8        -       0x000048c0   Zero   RW           51    .bss                main.o
    0x20004998        -       0x0000009c   Zero   RW          478    .bss                spi.o
    0x20004a34        -       0x00000100   Zero   RW          524    .bss                tim.o
    0x20004b34        -       0x000000fa   Zero   RW          598    .bss                usart.o
    0x20004c2e   0x08005758   0x00000002   PAD
    0x20004c30        -       0x00000398   Zero   RW          599    .bss                usart.o
    0x20004fc8        -       0x0000575c   Zero   RW         1299    .bss                oled.o
    0x2000a724        -       0x0000006e   Zero   RW         1682    .bss                ds3231.o
    0x2000a792   0x08005758   0x00000006   PAD
    0x2000a798        -       0x00000400   Zero   RW            1    STACK               startup_stm32f103xe.o


==============================================================================

Image component sizes


      Code (inc. data)   RO Data    RW Data    ZI Data      Debug   Object Name

        76          4          0          0          0        726   dma.o
      1736        398          0         18        110      11512   ds3231.o
       572         46          0          2          0       6525   flash.o
       276         18          0          0          0        979   gpio.o
       876        170          0         48      18624     493416   main.o
      1266         84          0         87      22364      20874   oled.o
       232         28          0          0        156       1658   spi.o
        36          8        304          0       1024        780   startup_stm32f103xe.o
       164         28          0         12          0       6333   stm32f1xx_hal.o
       194         14          0          0          0      25619   stm32f1xx_hal_cortex.o
      1214         52          0          0          0       4870   stm32f1xx_hal_dma.o
       508         42          0          0          0       3423   stm32f1xx_hal_gpio.o
        60          8          0          0          0        826   stm32f1xx_hal_msp.o
      1308         98          0          0          0       5084   stm32f1xx_hal_rcc.o
      1118          0          0          0          0       5335   stm32f1xx_hal_spi.o
       974         20          0          0          0       9690   stm32f1xx_hal_tim.o
        84          0          0          0          0       2238   stm32f1xx_hal_tim_ex.o
      1866         24          0          0          0      13405   stm32f1xx_hal_uart.o
       232         68          0          0          0       8123   stm32f1xx_it.o
        72         16         24          4          0       1111   system_stm32f1xx.o
       536         58          0          0        256       3369   tim.o
      2716        348          0         29       1170      14427   usart.o

    ----------------------------------------------------------------------
     16144       1532        360        204      43712     640323   Object Totals
         0          0         32          0          0          0   (incl. Generated)
        28          0          0          4          8          0   (incl. Padding)

    ----------------------------------------------------------------------

      Code (inc. data)   RO Data    RW Data    ZI Data      Debug   Library Member Name

        34          4          0          0          0        204   dunder.o
       860         52         56          0          0        256   log.o
       170          0          0          0          0         96   poly.o
         0          0          8          0          0          0   qnan.o
         0          0          0          0          0          0   entry.o
         0          0          0          0          0          0   entry10a.o
         0          0          0          0          0          0   entry11a.o
         8          4          0          0          0          0   entry2.o
         4          0          0          0          0          0   entry5.o
         0          0          0          0          0          0   entry7b.o
         0          0          0          0          0          0   entry8b.o
         8          4          0          0          0          0   entry9a.o
        12          6          0          4          0         68   errno.o
        30          0          0          0          0          0   handlers.o
        36          8          0          0          0         68   init.o
         0          0          0          0          0          0   iusefp.o
        30          0          0          0          0         68   llshl.o
        36          0          0          0          0         68   llsshr.o
        32          0          0          0          0         68   llushr.o
        36          0          0          0          0        108   memseta.o
      2308         96          0          0          0        604   printfa.o
        36         10          0          4          0        136   rand.o
         0          0          0          4          0          0   stdout.o
        44          0          0          0          0         80   uidiv.o
        98          0          0          0          0         92   uldiv.o
        48          0          0          0          0         68   cdcmple.o
        48          0          0          0          0         68   cdrcmple.o
        20          0          0          0          0         68   cfcmple.o
        20          0          0          0          0         68   cfrcmple.o
        56          0          0          0          0         88   d2f.o
       334          0          0          0          0        148   dadd.o
       222          0          0          0          0        100   ddiv.o
       186          0          0          0          0        176   depilogue.o
        48          0          0          0          0         68   dfixul.o
        34          0          0          0          0         76   dflti.o
        26          0          0          0          0         76   dfltui.o
       228          0          0          0          0         96   dmul.o
        46          0          0          0          0         80   dscalb.o
        38          0          0          0          0         68   f2d.o
       176          0          0          0          0        140   fadd.o
       124          0          0          0          0         88   fdiv.o
       110          0          0          0          0        168   fepilogue.o
        18          0          0          0          0         68   fflti.o
        10          0          0          0          0         68   ffltui.o

    ----------------------------------------------------------------------
      5576        184         64         12          0       3696   Library Totals
         2          0          0          0          0          0   (incl. Padding)

    ----------------------------------------------------------------------

      Code (inc. data)   RO Data    RW Data    ZI Data      Debug   Library Name

      1064         56         64          0          0        556   m_ws.l
      2718        128          0         12          0       1360   mc_w.l
      1792          0          0          0          0       1780   mf_w.l

    ----------------------------------------------------------------------
      5576        184         64         12          0       3696   Library Totals

    ----------------------------------------------------------------------

==============================================================================


      Code (inc. data)   RO Data    RW Data    ZI Data      Debug   

     21720       1716        424        216      43712     634343   Grand Totals
     21720       1716        424        216      43712     634343   ELF Image Totals
     21720       1716        424        216          0          0   ROM Totals

==============================================================================

    Total RO  Size (Code + RO Data)                22144 (  21.63kB)
    Total RW  Size (RW Data + ZI Data)             43928 (  42.90kB)
    Total ROM Size (Code + RO Data + RW Data)      22360 (  21.84kB)

==============================================================================

